Archive member included to satisfy reference by file (symbol)

app/libapp.a(main.c.obj)      (--whole-archive)
zephyr/libzephyr.a(cbprintf_packaged.c.obj)
                              (--whole-archive)
zephyr/libzephyr.a(dec.c.obj)
                              (--whole-archive)
zephyr/libzephyr.a(fdtable.c.obj)
                              (--whole-archive)
zephyr/libzephyr.a(hex.c.obj)
                              (--whole-archive)
zephyr/libzephyr.a(printk.c.obj)
                              (--whole-archive)
zephyr/libzephyr.a(rb.c.obj)  (--whole-archive)
zephyr/libzephyr.a(sem.c.obj)
                              (--whole-archive)
zephyr/libzephyr.a(thread_entry.c.obj)
                              (--whole-archive)
zephyr/libzephyr.a(timeutil.c.obj)
                              (--whole-archive)
zephyr/libzephyr.a(heap.c.obj)
                              (--whole-archive)
zephyr/libzephyr.a(heap-validate.c.obj)
                              (--whole-archive)
zephyr/libzephyr.a(bitarray.c.obj)
                              (--whole-archive)
zephyr/libzephyr.a(multi_heap.c.obj)
                              (--whole-archive)
zephyr/libzephyr.a(crc32c_sw.c.obj)
                              (--whole-archive)
zephyr/libzephyr.a(crc32_sw.c.obj)
                              (--whole-archive)
zephyr/libzephyr.a(crc16_sw.c.obj)
                              (--whole-archive)
zephyr/libzephyr.a(crc8_sw.c.obj)
                              (--whole-archive)
zephyr/libzephyr.a(crc7_sw.c.obj)
                              (--whole-archive)
zephyr/libzephyr.a(cbprintf_complete.c.obj)
                              (--whole-archive)
zephyr/libzephyr.a(cbprintf.c.obj)
                              (--whole-archive)
zephyr/libzephyr.a(assert.c.obj)
                              (--whole-archive)
zephyr/libzephyr.a(configs.c.obj)
                              (--whole-archive)
zephyr/libzephyr.a(soc.c.obj)
                              (--whole-archive)
zephyr/libzephyr.a(esp32-mp.c.obj)
                              (--whole-archive)
zephyr/libzephyr.a(loader.c.obj)
                              (--whole-archive)
zephyr/libzephyr.a(thread_info.c.obj)
                              (--whole-archive)
zephyr/libzephyr.a(cfb.c.obj)
                              (--whole-archive)
zephyr/libzephyr.a(cfb_fonts.c.obj)
                              (--whole-archive)
zephyr/libzephyr.a(log_minimal.c.obj)
                              (--whole-archive)
zephyr/libzephyr.a(tracing_none.c.obj)
                              (--whole-archive)
zephyr/libzephyr.a(windowspill_asm.S.obj)
                              (--whole-archive)
zephyr/libzephyr.a(spi_hal.c.obj)
                              (--whole-archive)
zephyr/libzephyr.a(spi_hal_iram.c.obj)
                              (--whole-archive)
zephyr/libzephyr.a(lldesc.c.obj)
                              (--whole-archive)
zephyr/libzephyr.a(spi_periph.c.obj)
                              (--whole-archive)
zephyr/libzephyr.a(uart_hal.c.obj)
                              (--whole-archive)
zephyr/libzephyr.a(uart_hal_iram.c.obj)
                              (--whole-archive)
zephyr/libzephyr.a(clk.c.obj)
                              (--whole-archive)
zephyr/libzephyr.a(adc_periph.c.obj)
                              (--whole-archive)
zephyr/libzephyr.a(i2s_periph.c.obj)
                              (--whole-archive)
zephyr/libzephyr.a(gpio_periph.c.obj)
                              (--whole-archive)
zephyr/libzephyr.a(rtc_io_periph.c.obj)
                              (--whole-archive)
zephyr/libzephyr.a(regi2c_ctrl.c.obj)
                              (--whole-archive)
zephyr/libzephyr.a(esp_clk.c.obj)
                              (--whole-archive)
zephyr/libzephyr.a(rtc_clk.c.obj)
                              (--whole-archive)
zephyr/libzephyr.a(rtc_init.c.obj)
                              (--whole-archive)
zephyr/libzephyr.a(rtc_time.c.obj)
                              (--whole-archive)
zephyr/libzephyr.a(rtc_clk_init.c.obj)
                              (--whole-archive)
zephyr/libzephyr.a(mac_addr.c.obj)
                              (--whole-archive)
zephyr/libzephyr.a(ets_timer_legacy.c.obj)
                              (--whole-archive)
zephyr/libzephyr.a(esp_timer.c.obj)
                              (--whole-archive)
zephyr/libzephyr.a(esp_timer_impl_lac.c.obj)
                              (--whole-archive)
zephyr/libzephyr.a(periph_ctrl.c.obj)
                              (--whole-archive)
zephyr/libzephyr.a(log_noos.c.obj)
                              (--whole-archive)
zephyr/libzephyr.a(log.c.obj)
                              (--whole-archive)
zephyr/libzephyr.a(interrupt_controller_hal.c.obj)
                              (--whole-archive)
zephyr/libzephyr.a(interrupt_descriptor_table.c.obj)
                              (--whole-archive)
zephyr/libzephyr.a(esp_efuse_fields.c.obj)
                              (--whole-archive)
[...]
Memory Configuration

Name             Origin             Length             Attributes
mcuboot_hdr      0x0000000000000000 0x0000000000000020 xr
metadata         0x0000000000000020 0x0000000000000020 xr
ROM              0x0000000000000040 0x00000000003fffc0 xr
iram0_0_seg      0x0000000040080000 0x0000000000020000 xr
irom0_0_seg      0x00000000400d0020 0x000000000032ffe0 xr
dram0_0_seg      0x000000003ffb0000 0x000000000002c200 rw
dram0_1_seg      0x000000003ffe5230 0x000000000001add0 rw
drom0_0_seg      0x000000003f400040 0x00000000003fffc0 r
rtc_iram_seg     0x00000000400c0000 0x0000000000002000 xrw
rtc_slow_seg     0x0000000050000000 0x0000000000001000 rw
IDT_LIST         0x000000003ebfe010 0x0000000000002000 rw
*default*        0x0000000000000000 0xffffffffffffffff

Linker script and memory map

LOAD zephyr/CMakeFiles/zephyr_pre0.dir/misc/empty_file.c.obj
LOAD zephyr/CMakeFiles/offsets.dir/./arch/xtensa/core/offsets/offsets.c.obj
                [!provide]                        PROVIDE (_ResetVector = 0x40000400)
                0x0000000000000000                _rom_store_table = 0x0
                [!provide]                        PROVIDE (_memmap_vecbase_reset = 0x40000450)
                [!provide]                        PROVIDE (_memmap_reset_vector = 0x40000400)

.mcuboot_header
                0x0000000000000000       0x20
                0x0000000000000000        0x8 QUAD 0x0
                0x0000000000000008        0x8 QUAD 0x0
                0x0000000000000010        0x8 QUAD 0x0
                0x0000000000000018        0x8 QUAD 0x0

.metadata       0x0000000000000020       0x1c
                0x0000000000000020        0x4 LONG 0xace637d3
 *(SORT_BY_ALIGNMENT(.entry_addr))
                0x0000000000000024        0x4 LONG 0x40080000 ADDR (.iram0.vectors)
                0x0000000000000028        0x4 LONG 0x59c0 LOADADDR (.iram0.vectors)
                0x000000000000002c        0x4 LONG 0x42f8 ((LOADADDR (text) + SIZEOF (text)) - LOADADDR (.iram0.vectors))
                0x0000000000000030        0x4 LONG 0x3ffb0000 ADDR (.dram0.data)
                0x0000000000000034        0x4 LONG 0x4be8 LOADADDR (.dram0.data)
                0x0000000000000038        0x4 LONG 0xdd8 ((LOADADDR (.dram0.end) + SIZEOF (.dram0.end)) - LOADADDR (.dram0.data))

.rel.plt        0x0000000000000000        0x0
 *(SORT_BY_ALIGNMENT(.rel.plt))
                [!provide]                        PROVIDE (__rel_iplt_start = .)
 *(SORT_BY_ALIGNMENT(.rel.iplt))
                [!provide]                        PROVIDE (__rel_iplt_end = .)

.rela.plt       0x0000000000000000        0x0
 *(SORT_BY_ALIGNMENT(.rela.plt))
                [!provide]                        PROVIDE (__rela_iplt_start = .)
 *(SORT_BY_ALIGNMENT(.rela.iplt))
                [!provide]                        PROVIDE (__rela_iplt_end = .)

.rel.dyn
 *(SORT_BY_ALIGNMENT(.rel.*))

.rela.dyn
 *(SORT_BY_ALIGNMENT(.rela.*))
                0x0000000000000040                _image_drom_start = LOADADDR (rodata)
                0x0000000000004ba8                _image_drom_size = ((LOADADDR (_RODATA_SECTION_END) + SIZEOF (_RODATA_SECTION_END)) - _image_drom_start)
                0x000000003f400040                _image_drom_vaddr = ADDR (rodata)

rodata          0x000000003f400040     0x49a0 load address 0x0000000000000040
                0x000000003f400040                __rodata_region_start = ABSOLUTE (.)
                0x000000003f400040                . = ALIGN (0x4)
                0x000000003f400040                . = ALIGN (0x4)
 *(SORT_BY_ALIGNMENT(EXCLUDE_FILE(*libzephyr.a:spi_flash_rom_patch.* *libdrivers__serial.a:uart_esp32.* *libdrivers__flash.a:flash_esp32.* *libzephyr.a:loader.* *libzephyr.a:log_output.* *libdrivers__flash.a:esp32_mp.* *libzephyr.a:log_backend_uart.* *libzephyr.a:log_core.* *libzephyr.a:cbprintf_complete* *libkernel.a:init.* *libkernel.a:fatal.* *libarch__xtensa__core.a:*) .rodata))
 .rodata        0x000000003f400040        0x4 zephyr/libzephyr.a(clk.c.obj)
 .rodata        0x000000003f400044        0x8 zephyr/drivers/clock_control/libdrivers__clock_control.a(clock_control_esp32.c.obj)
 *(SORT_BY_ALIGNMENT(EXCLUDE_FILE(*libzephyr.a:spi_flash_rom_patch.* *libdrivers__serial.a:uart_esp32.* *libdrivers__flash.a:flash_esp32.* *libzephyr.a:loader.* *libzephyr.a:log_output.* *libdrivers__flash.a:esp32_mp.* *libzephyr.a:log_backend_uart.* *libzephyr.a:log_core.* *libzephyr.a:cbprintf_complete* *libkernel.a:init.* *libkernel.a:fatal.* *libarch__xtensa__core.a:*) .rodata.*))
 .rodata.main.str1.4
                0x000000003f40004c      0x115 app/libapp.a(main.c.obj)
 *fill*         0x000000003f400161        0x3 
 .rodata.str1.4
                0x000000003f400164        0xa app/libapp.a(main.c.obj)
 *fill*         0x000000003f40016e        0x2 
 .rodata.str1.4
                0x000000003f400170       0x11 zephyr/libzephyr.a(cbprintf_packaged.c.obj)
 *fill*         0x000000003f400181        0x3 
 .rodata.cfb_get_display_parameter
                0x000000003f400184       0x14 zephyr/libzephyr.a(cfb.c.obj)
 .rodata.str1.4
                0x000000003f400198        0x4 zephyr/libzephyr.a(cfb.c.obj)
 .rodata.cfb_font_2032
                0x000000003f40019c     0x1db0 zephyr/libzephyr.a(cfb_fonts.c.obj)
                0x000000003f40019c                cfb_font_2032
 .rodata.cfb_font_1524
                0x000000003f401f4c     0x10b3 zephyr/libzephyr.a(cfb_fonts.c.obj)
                0x000000003f401f4c                cfb_font_1524
 *fill*         0x000000003f402fff        0x1 
 .rodata.cfb_font_1016
                0x000000003f403000      0x76c zephyr/libzephyr.a(cfb_fonts.c.obj)
                0x000000003f403000                cfb_font_1016
 .rodata.select_rtc_slow_clk.str1.4
                0x000000003f40376c       0x4c zephyr/libzephyr.a(clk.c.obj)
                                         0x50 (size before relaxing)
 .rodata.GPIO_PIN_MUX_REG
                0x000000003f4037b8       0xa0 zephyr/libzephyr.a(gpio_periph.c.obj)
                0x000000003f4037b8                GPIO_PIN_MUX_REG
 .rodata.rtc_io_desc
                0x000000003f403858      0x3f0 zephyr/libzephyr.a(rtc_io_periph.c.obj)
                0x000000003f403858                rtc_io_desc
 .rodata.rtc_io_num_map
                0x000000003f403c48       0xa0 zephyr/libzephyr.a(rtc_io_periph.c.obj)
                0x000000003f403c48                rtc_io_num_map
 .rodata.rtc_clk_cpu_freq_to_config.str1.4
                0x000000003f403ce8       0x31 zephyr/libzephyr.a(rtc_clk.c.obj)
 *fill*         0x000000003f403d19        0x3 
 .rodata.rtc_clk_cpu_freq_get_config.str1.4
                0x000000003f403d1c       0x30 zephyr/libzephyr.a(rtc_clk.c.obj)
 .rodata.rtc_clk_cpu_freq_to_pll_mhz.str1.4
                0x000000003f403d4c       0x1e zephyr/libzephyr.a(rtc_clk.c.obj)
 *fill*         0x000000003f403d6a        0x2 
 .rodata.rtc_clk_cal_internal.str1.4
                0x000000003f403d6c       0x4a zephyr/libzephyr.a(rtc_time.c.obj)
 *fill*         0x000000003f403db6        0x2 
 .rodata.rtc_clk_xtal_freq_estimate.str1.4
                0x000000003f403db8       0xc9 zephyr/libzephyr.a(rtc_clk_init.c.obj)
 *fill*         0x000000003f403e81        0x3 
 .rodata.rtc_clk_init.str1.4
                0x000000003f403e84       0xbc zephyr/libzephyr.a(rtc_clk_init.c.obj)
 .rodata.esp_timer_init.str1.4
                0x000000003f403f40       0x2b zephyr/libzephyr.a(esp_timer.c.obj)
 *fill*         0x000000003f403f6b        0x1 
 .rodata.periph_ll_get_clk_en_mask
                0x000000003f403f6c       0x84 zephyr/libzephyr.a(periph_ctrl.c.obj)
 .rodata.periph_ll_get_rst_en_mask
                0x000000003f403ff0       0x84 zephyr/libzephyr.a(periph_ctrl.c.obj)
 .rodata.interrupt_descriptor_table
                0x000000003f404074      0x200 zephyr/libzephyr.a(interrupt_descriptor_table.c.obj)
 .rodata.abort.str1.4
                0x000000003f404274        0x9 zephyr/lib/libc/minimal/liblib__libc__minimal.a(abort.c.obj)
 *fill*         0x000000003f40427d        0x3 
 .rodata.coredump_logging_backend_buffer_output.str1.4
                0x000000003f404280        0xc zephyr/subsys/debug/coredump/libsubsys__debug__coredump.a(coredump_backend_logging.c.obj)
 .rodata.coredump_logging_backend_end.str1.4
                0x000000003f40428c       0x2a zephyr/subsys/debug/coredump/libsubsys__debug__coredump.a(coredump_backend_logging.c.obj)
 *fill*         0x000000003f4042b6        0x2 
 .rodata.coredump_logging_backend_start.str1.4
                0x000000003f4042b8       0x10 zephyr/subsys/debug/coredump/libsubsys__debug__coredump.a(coredump_backend_logging.c.obj)
 .rodata.str1.4
                0x000000003f4042c8        0x9 zephyr/subsys/debug/coredump/libsubsys__debug__coredump.a(coredump_backend_logging.c.obj)
 *fill*         0x000000003f4042d1        0x3 
 .rodata.default_intr_handler.str1.4
                0x000000003f4042d4       0x23 zephyr/drivers/interrupt_controller/libdrivers__interrupt_controller.a(intc_esp32.c.obj)
 *fill*         0x000000003f4042f7        0x1 
 .rodata.esp_intr_alloc_intrstatus
                0x000000003f4042f8       0x18 zephyr/drivers/interrupt_controller/libdrivers__interrupt_controller.a(intc_esp32.c.obj)
 .rodata.str1.4
                0x000000003f404310        0xb zephyr/drivers/interrupt_controller/libdrivers__interrupt_controller.a(intc_esp32.c.obj)
 *fill*         0x000000003f40431b        0x1 
 .rodata.periph_ll_get_clk_en_mask
                0x000000003f40431c       0x84 zephyr/drivers/clock_control/libdrivers__clock_control.a(clock_control_esp32.c.obj)
 .rodata.str1.4
                0x000000003f4043a0        0xd zephyr/drivers/clock_control/libdrivers__clock_control.a(clock_control_esp32.c.obj)
 *fill*         0x000000003f4043ad        0x3 
 .rodata.esp32_clock_config0
                0x000000003f4043b0       0x10 zephyr/drivers/clock_control/libdrivers__clock_control.a(clock_control_esp32.c.obj)
 .rodata.clock_control_esp32_api
                0x000000003f4043c0       0x1c zephyr/drivers/clock_control/libdrivers__clock_control.a(clock_control_esp32.c.obj)
 .rodata.xtal_freq
                0x000000003f4043dc        0x4 zephyr/drivers/clock_control/libdrivers__clock_control.a(clock_control_esp32.c.obj)
 .rodata.st7789v_set_orientation.str1.4
                0x000000003f4043e0       0x32 zephyr/drivers/display/libdrivers__display.a(display_st7789v.c.obj)
 *fill*         0x000000003f404412        0x2 
 .rodata.st7789v_set_pixel_format.str1.4
                0x000000003f404414       0x29 zephyr/drivers/display/libdrivers__display.a(display_st7789v.c.obj)
 *fill*         0x000000003f40443d        0x3 
 .rodata.st7789v_init.str1.4
                0x000000003f404440       0xad zephyr/drivers/display/libdrivers__display.a(display_st7789v.c.obj)
 *fill*         0x000000003f4044ed        0x3 
 .rodata.str1.4
                0x000000003f4044f0       0x1c zephyr/drivers/display/libdrivers__display.a(display_st7789v.c.obj)
 .rodata.st7789v_config_0
                0x000000003f40450c       0x5c zephyr/drivers/display/libdrivers__display.a(display_st7789v.c.obj)
 .rodata.st7789v_api
                0x000000003f404568       0x28 zephyr/drivers/display/libdrivers__display.a(display_st7789v.c.obj)
 .rodata.str1.4
                0x000000003f404590        0xe zephyr/drivers/entropy/libdrivers__entropy.a(entropy_esp32.c.obj)
 *fill*         0x000000003f40459e        0x2 
 .rodata.entropy_esp32_api_funcs
                0x000000003f4045a0        0x8 zephyr/drivers/entropy/libdrivers__entropy.a(entropy_esp32.c.obj)
 .rodata.gpio_esp32_config.str1.4
                0x000000003f4045a8       0x84 zephyr/drivers/gpio/libdrivers__gpio.a(gpio_esp32.c.obj)
 .rodata.str1.4
                0x000000003f40462c       0x2b zephyr/drivers/gpio/libdrivers__gpio.a(gpio_esp32.c.obj)
 *fill*         0x000000003f404657        0x1 
 .rodata.gpio_esp32_driver_api
                0x000000003f404658       0x24 zephyr/drivers/gpio/libdrivers__gpio.a(gpio_esp32.c.obj)
 .rodata.esp32_gpio_ports_addrs
                0x000000003f40467c        0x8 zephyr/drivers/pinctrl/libdrivers__pinctrl.a(pinctrl_esp32.c.obj)
 .rodata.spi_esp32_get_frame_size.str1.4
                0x000000003f404684       0x2f zephyr/drivers/spi/libdrivers__spi.a(spi_esp32_spim.c.obj)
 *fill*         0x000000003f4046b3        0x1 
 .rodata.spi_context_cs_configure_all.str1.4
                0x000000003f4046b4       0x29 zephyr/drivers/spi/libdrivers__spi.a(spi_esp32_spim.c.obj)
 *fill*         0x000000003f4046dd        0x3 
 .rodata.str1.4
                0x000000003f4046e0      0x146 zephyr/drivers/spi/libdrivers__spi.a(spi_esp32_spim.c.obj)
 *fill*         0x000000003f404826        0x2 
 .rodata.spi_esp32_init_dma.str1.4
                0x000000003f404828       0x20 zephyr/drivers/spi/libdrivers__spi.a(spi_esp32_spim.c.obj)
 .rodata.spi_config_1
                0x000000003f404848       0x28 zephyr/drivers/spi/libdrivers__spi.a(spi_esp32_spim.c.obj)
 .rodata.__compound_literal$1
                0x000000003f404870        0x8 zephyr/drivers/spi/libdrivers__spi.a(spi_esp32_spim.c.obj)
 .rodata.__pinctrl_dev_config__device_dts_ord_57
                0x000000003f404878        0x8 zephyr/drivers/spi/libdrivers__spi.a(spi_esp32_spim.c.obj)
 .rodata.__pinctrl_states__device_dts_ord_57
                0x000000003f404880        0x8 zephyr/drivers/spi/libdrivers__spi.a(spi_esp32_spim.c.obj)
 .rodata.__pinctrl_state_pins_0__device_dts_ord_57
                0x000000003f404888       0x20 zephyr/drivers/spi/libdrivers__spi.a(spi_esp32_spim.c.obj)
 .rodata.spi_config_0
                0x000000003f4048a8       0x28 zephyr/drivers/spi/libdrivers__spi.a(spi_esp32_spim.c.obj)
 .rodata.__compound_literal$0
                0x000000003f4048d0        0x8 zephyr/drivers/spi/libdrivers__spi.a(spi_esp32_spim.c.obj)
 .rodata.__pinctrl_dev_config__device_dts_ord_74
                0x000000003f4048d8        0x8 zephyr/drivers/spi/libdrivers__spi.a(spi_esp32_spim.c.obj)
 .rodata.__pinctrl_states__device_dts_ord_74
                0x000000003f4048e0        0x8 zephyr/drivers/spi/libdrivers__spi.a(spi_esp32_spim.c.obj)
 .rodata.__pinctrl_state_pins_0__device_dts_ord_74
                0x000000003f4048e8       0x20 zephyr/drivers/spi/libdrivers__spi.a(spi_esp32_spim.c.obj)
 .rodata.spi_api
                0x000000003f404908        0xc zephyr/drivers/spi/libdrivers__spi.a(spi_esp32_spim.c.obj)
 .rodata.boot_banner.str1.4
                0x000000003f404914       0x41 zephyr/kernel/libkernel.a(banner.c.obj)
 *fill*         0x000000003f404955        0x3 
 .rodata.k_sys_work_q_init.str1.4
                0x000000003f404958        0x9 zephyr/kernel/libkernel.a(system_work_q.c.obj)
 *(SORT_BY_ALIGNMENT(.irom1.text))
 *(SORT_BY_ALIGNMENT(.gnu.linkonce.r.*))
 *(SORT_BY_ALIGNMENT(.rodata1))
                0x000000003f404961                __XT_EXCEPTION_TABLE_ = ABSOLUTE (.)
 *(SORT_BY_ALIGNMENT(.xt_except_table))
 *(SORT_BY_ALIGNMENT(.gcc_except_table) SORT_BY_ALIGNMENT(.gcc_except_table.*))
 *(SORT_BY_ALIGNMENT(.gnu.linkonce.e.*))
 *(SORT_BY_ALIGNMENT(.gnu.version_r))
                0x000000003f404964                . = ((. + 0x3) & 0xfffffffffffffffc)
 *fill*         0x000000003f404961        0x3 
                0x000000003f404964                __eh_frame = ABSOLUTE (.)
 *(SORT_BY_ALIGNMENT(.eh_frame))
 .eh_frame      0x000000003f404964       0x28 /home/gez/sdks/zephyr/toolchains/xtensa-espressif_esp32_zephyr-elf/bin/../lib/gcc/xtensa-espressif_esp32_zephyr-elf/12.1.0/libgcc.a(_divdi3.o)
 .eh_frame      0x000000003f40498c       0x28 /home/gez/sdks/zephyr/toolchains/xtensa-espressif_esp32_zephyr-elf/bin/../lib/gcc/xtensa-espressif_esp32_zephyr-elf/12.1.0/libgcc.a(_udivdi3.o)
 .eh_frame      0x000000003f4049b4       0x28 /home/gez/sdks/zephyr/toolchains/xtensa-espressif_esp32_zephyr-elf/bin/../lib/gcc/xtensa-espressif_esp32_zephyr-elf/12.1.0/libgcc.a(_umoddi3.o)
                0x000000003f4049e0                . = ((. + 0x7) & 0xfffffffffffffffc)
 *fill*         0x000000003f4049dc        0x4 
                0x000000003f4049e0                __XT_EXCEPTION_DESCS_ = ABSOLUTE (.)
 *(SORT_BY_ALIGNMENT(.xt_except_desc))
 *(SORT_BY_ALIGNMENT(.gnu.linkonce.h.*))
                0x000000003f4049e0                __XT_EXCEPTION_DESCS_END__ = ABSOLUTE (.)
 *(SORT_BY_ALIGNMENT(.xt_except_desc_end))
 *(SORT_BY_ALIGNMENT(.dynamic))
 *(SORT_BY_ALIGNMENT(.gnu.version_d))
                0x000000003f4049e0                . = ALIGN (0x4)
                0x000000003f4049e0                __rodata_region_end = ABSOLUTE (.)
                0x000000003f4049e0                _lit4_start = ABSOLUTE (.)
 *(SORT_BY_ALIGNMENT(*.lit4))
 *(SORT_BY_ALIGNMENT(.lit4.*))
 *(SORT_BY_ALIGNMENT(.gnu.linkonce.lit4.*))
                0x000000003f4049e0                _lit4_end = ABSOLUTE (.)
                0x000000003f4049e0                . = ALIGN (0x4)
                0x000000003f4049e0                _thread_local_start = ABSOLUTE (.)
 *(SORT_BY_ALIGNMENT(.tdata))
 *(SORT_BY_ALIGNMENT(.tdata.*))
 *(SORT_BY_ALIGNMENT(.tbss))
 *(SORT_BY_ALIGNMENT(.tbss.*))
 *(SORT_BY_ALIGNMENT(.rodata_wlog))
 *(SORT_BY_ALIGNMENT(.rodata_wlog*))
                0x000000003f4049e0                _thread_local_end = ABSOLUTE (.)
                0x000000003f4049e0                . = ALIGN (0x4)

initlevel       0x000000003f4049e0       0x60 load address 0x00000000000049e0
                0x000000003f4049e0                __init_start = .
                0x000000003f4049e0                __init_EARLY_start = .
 *(SORT_BY_NAME(SORT_BY_ALIGNMENT(.z_init_EARLY[0-9]_*)))
 *(SORT_BY_NAME(SORT_BY_ALIGNMENT(.z_init_EARLY[1-9][0-9]_*)))
                0x000000003f4049e0                __init_PRE_KERNEL_1_start = .
 *(SORT_BY_NAME(SORT_BY_ALIGNMENT(.z_init_PRE_KERNEL_1[0-9]_*)))
 *(SORT_BY_NAME(SORT_BY_ALIGNMENT(.z_init_PRE_KERNEL_1[1-9][0-9]_*)))
 .z_init_PRE_KERNEL_130_
                0x000000003f4049e0        0x8 zephyr/drivers/clock_control/libdrivers__clock_control.a(clock_control_esp32.c.obj)
 .z_init_PRE_KERNEL_130_
                0x000000003f4049e8        0x8 zephyr/kernel/libkernel.a(kheap.c.obj)
 .z_init_PRE_KERNEL_140_
                0x000000003f4049f0       0x10 zephyr/drivers/gpio/libdrivers__gpio.a(gpio_esp32.c.obj)
 .z_init_PRE_KERNEL_150_
                0x000000003f404a00        0x8 zephyr/drivers/entropy/libdrivers__entropy.a(entropy_esp32.c.obj)
 .z_init_PRE_KERNEL_150_
                0x000000003f404a08        0x8 zephyr/drivers/serial/libdrivers__serial.a(uart_esp32.c.obj)
 .z_init_PRE_KERNEL_160_
                0x000000003f404a10        0x8 zephyr/drivers/console/libdrivers__console.a(uart_console.c.obj)
                0x000000003f404a18                __init_PRE_KERNEL_2_start = .
 *(SORT_BY_NAME(SORT_BY_ALIGNMENT(.z_init_PRE_KERNEL_2[0-9]_*)))
 .z_init_PRE_KERNEL_20_
                0x000000003f404a18        0x8 zephyr/drivers/timer/libdrivers__timer.a(xtensa_sys_timer.c.obj)
 *(SORT_BY_NAME(SORT_BY_ALIGNMENT(.z_init_PRE_KERNEL_2[1-9][0-9]_*)))
                0x000000003f404a20                __init_POST_KERNEL_start = .
 *(SORT_BY_NAME(SORT_BY_ALIGNMENT(.z_init_POST_KERNEL[0-9]_*)))
 *(SORT_BY_NAME(SORT_BY_ALIGNMENT(.z_init_POST_KERNEL[1-9][0-9]_*)))
 .z_init_POST_KERNEL40_
                0x000000003f404a20        0x8 zephyr/kernel/libkernel.a(system_work_q.c.obj)
 .z_init_POST_KERNEL70_
                0x000000003f404a28       0x10 zephyr/drivers/spi/libdrivers__spi.a(spi_esp32_spim.c.obj)
 .z_init_POST_KERNEL85_
                0x000000003f404a38        0x8 zephyr/drivers/display/libdrivers__display.a(display_st7789v.c.obj)
                0x000000003f404a40                __init_APPLICATION_start = .
 *(SORT_BY_NAME(SORT_BY_ALIGNMENT(.z_init_APPLICATION[0-9]_*)))
 *(SORT_BY_NAME(SORT_BY_ALIGNMENT(.z_init_APPLICATION[1-9][0-9]_*)))
                0x000000003f404a40                __init_SMP_start = .
 *(SORT_BY_NAME(SORT_BY_ALIGNMENT(.z_init_SMP[0-9]_*)))
 *(SORT_BY_NAME(SORT_BY_ALIGNMENT(.z_init_SMP[1-9][0-9]_*)))
                0x000000003f404a40                __init_end = .

devices         0x000000003f404a40       0xc0 load address 0x0000000000004a40
                0x000000003f404a40                __device_start = .
                0x000000003f404a40                __device_EARLY_start = .
 *(SORT_BY_NAME(SORT_BY_ALIGNMENT(.z_device_EARLY[0-9]_*)))
 *(SORT_BY_NAME(SORT_BY_ALIGNMENT(.z_device_EARLY[1-9][0-9]_*)))
                0x000000003f404a40                __device_PRE_KERNEL_1_start = .
 *(SORT_BY_NAME(SORT_BY_ALIGNMENT(.z_device_PRE_KERNEL_1[0-9]_*)))
 *(SORT_BY_NAME(SORT_BY_ALIGNMENT(.z_device_PRE_KERNEL_1[1-9][0-9]_*)))
 .z_device_PRE_KERNEL_130_
                0x000000003f404a40       0x18 zephyr/drivers/clock_control/libdrivers__clock_control.a(clock_control_esp32.c.obj)
                0x000000003f404a40                __device_dts_ord_5
 .z_device_PRE_KERNEL_140_
                0x000000003f404a58       0x30 zephyr/drivers/gpio/libdrivers__gpio.a(gpio_esp32.c.obj)
                0x000000003f404a58                __device_dts_ord_72
                0x000000003f404a70                __device_dts_ord_11
 .z_device_PRE_KERNEL_150_
                0x000000003f404a88       0x18 zephyr/drivers/entropy/libdrivers__entropy.a(entropy_esp32.c.obj)
                0x000000003f404a88                __device_dts_ord_58
 .z_device_PRE_KERNEL_150_
                0x000000003f404aa0       0x18 zephyr/drivers/serial/libdrivers__serial.a(uart_esp32.c.obj)
                0x000000003f404aa0                __device_dts_ord_59
                0x000000003f404ab8                __device_PRE_KERNEL_2_start = .
 *(SORT_BY_NAME(SORT_BY_ALIGNMENT(.z_device_PRE_KERNEL_2[0-9]_*)))
 *(SORT_BY_NAME(SORT_BY_ALIGNMENT(.z_device_PRE_KERNEL_2[1-9][0-9]_*)))
                0x000000003f404ab8                __device_POST_KERNEL_start = .
 *(SORT_BY_NAME(SORT_BY_ALIGNMENT(.z_device_POST_KERNEL[0-9]_*)))
 *(SORT_BY_NAME(SORT_BY_ALIGNMENT(.z_device_POST_KERNEL[1-9][0-9]_*)))
 .z_device_POST_KERNEL70_
                0x000000003f404ab8       0x30 zephyr/drivers/spi/libdrivers__spi.a(spi_esp32_spim.c.obj)
                0x000000003f404ab8                __device_dts_ord_57
                0x000000003f404ad0                __device_dts_ord_74
 .z_device_POST_KERNEL85_
                0x000000003f404ae8       0x18 zephyr/drivers/display/libdrivers__display.a(display_st7789v.c.obj)
                0x000000003f404ae8                __device_dts_ord_75
                0x000000003f404b00                __device_APPLICATION_start = .
 *(SORT_BY_NAME(SORT_BY_ALIGNMENT(.z_device_APPLICATION[0-9]_*)))
 *(SORT_BY_NAME(SORT_BY_ALIGNMENT(.z_device_APPLICATION[1-9][0-9]_*)))
                0x000000003f404b00                __device_SMP_start = .
 *(SORT_BY_NAME(SORT_BY_ALIGNMENT(.z_device_SMP[0-9]_*)))
 *(SORT_BY_NAME(SORT_BY_ALIGNMENT(.z_device_SMP[1-9][0-9]_*)))
                0x000000003f404b00                __device_end = .

initlevel_error
                0x000000000000003c        0x0
 *(SORT_BY_NAME(SORT_BY_ALIGNMENT(.z_init_[_A-Z0-9]*)))
                0x0000000000000001                ASSERT ((SIZEOF (initlevel_error) == 0x0), Undefined initialization levels used.)

app_shmem_regions
                0x000000003f404b00        0x0 load address 0x0000000000004b00
                0x000000003f404b00                __app_shmem_regions_start = .
 *(SORT_BY_NAME(SORT_BY_ALIGNMENT(.app_regions.*)))
                0x000000003f404b00                __app_shmem_regions_end = .

k_p4wq_initparam_area
                0x000000003f404b00        0x0 load address 0x0000000000004b00
                0x000000003f404b00                _k_p4wq_initparam_list_start = .
 *(SORT_BY_NAME(SORT_BY_ALIGNMENT(._k_p4wq_initparam.static.*)))
                0x000000003f404b00                _k_p4wq_initparam_list_end = .

_static_thread_data_area
                0x000000003f404b00        0x0 load address 0x0000000000004b00
                0x000000003f404b00                __static_thread_data_list_start = .
 *(SORT_BY_NAME(SORT_BY_ALIGNMENT(.__static_thread_data.static.*)))
                0x000000003f404b00                __static_thread_data_list_end = .

device_handles  0x000000003f404b00       0x84 load address 0x0000000000004b00
                0x000000003f404b00                __device_handles_start = .
 *(SORT_BY_NAME(SORT_BY_ALIGNMENT(.__device_handles_pass1*)))
 .__device_handles_pass1
                0x000000003f404b00       0x2c zephyr/drivers/clock_control/libdrivers__clock_control.a(clock_control_esp32.c.obj)
                0x000000003f404b00                __devicehdl_dts_ord_5
 .__device_handles_pass1
                0x000000003f404b2c        0xa zephyr/drivers/display/libdrivers__display.a(display_st7789v.c.obj)
                0x000000003f404b2c                __devicehdl_dts_ord_75
 .__device_handles_pass1
                0x000000003f404b36        0x8 zephyr/drivers/entropy/libdrivers__entropy.a(entropy_esp32.c.obj)
                0x000000003f404b36                __devicehdl_dts_ord_58
 .__device_handles_pass1
                0x000000003f404b3e       0x1a zephyr/drivers/gpio/libdrivers__gpio.a(gpio_esp32.c.obj)
                0x000000003f404b3e                __devicehdl_dts_ord_72
                0x000000003f404b48                __devicehdl_dts_ord_11
 .__device_handles_pass1
                0x000000003f404b58        0xe zephyr/drivers/serial/libdrivers__serial.a(uart_esp32.c.obj)
                0x000000003f404b58                __devicehdl_dts_ord_59
 .__device_handles_pass1
                0x000000003f404b66       0x1e zephyr/drivers/spi/libdrivers__spi.a(spi_esp32_spim.c.obj)
                0x000000003f404b66                __devicehdl_dts_ord_57
                0x000000003f404b74                __devicehdl_dts_ord_74
                0x000000003f404b84                __device_handles_end = .

ztest           0x000000003f404b84        0x0 load address 0x0000000000004b84
                0x000000003f404b84                _ztest_expected_result_entry_list_start = .
 *(SORT_BY_NAME(SORT_BY_ALIGNMENT(._ztest_expected_result_entry.static.*)))
                0x000000003f404b84                _ztest_expected_result_entry_list_end = .
                0x000000003f404b84                _ztest_suite_node_list_start = .
 *(SORT_BY_NAME(SORT_BY_ALIGNMENT(._ztest_suite_node.static.*)))
                0x000000003f404b84                _ztest_suite_node_list_end = .
                0x000000003f404b84                _ztest_unit_test_list_start = .
 *(SORT_BY_NAME(SORT_BY_ALIGNMENT(._ztest_unit_test.static.*)))
                0x000000003f404b84                _ztest_unit_test_list_end = .
                0x000000003f404b84                _ztest_test_rule_list_start = .
 *(SORT_BY_NAME(SORT_BY_ALIGNMENT(._ztest_test_rule.static.*)))
                0x000000003f404b84                _ztest_test_rule_list_end = .

bt_l2cap_fixed_chan_area
                0x000000003f404b84        0x0 load address 0x0000000000004b84
                0x000000003f404b84                _bt_l2cap_fixed_chan_list_start = .
 *(SORT_BY_NAME(SORT_BY_ALIGNMENT(._bt_l2cap_fixed_chan.static.*)))
                0x000000003f404b84                _bt_l2cap_fixed_chan_list_end = .

bt_gatt_service_static_area
                0x000000003f404b84        0x0 load address 0x0000000000004b84
                0x000000003f404b84                _bt_gatt_service_static_list_start = .
 *(SORT_BY_NAME(SORT_BY_ALIGNMENT(._bt_gatt_service_static.static.*)))
                0x000000003f404b84                _bt_gatt_service_static_list_end = .

tracing_backend_area
                0x000000003f404b84        0x0 load address 0x0000000000004b84
                0x000000003f404b84                _tracing_backend_list_start = .
 *(SORT_BY_NAME(SORT_BY_ALIGNMENT(._tracing_backend.static.*)))
                0x000000003f404b84                _tracing_backend_list_end = .

zephyr_dbg_info
                0x000000003f404b84       0x40 load address 0x0000000000004b84
 *(SORT_BY_ALIGNMENT(.dbg_thread_info))
 .dbg_thread_info
                0x000000003f404b84       0x40 zephyr/libzephyr.a(thread_info.c.obj)
                0x000000003f404b84                _kernel_openocd_size_t_size
                0x000000003f404b84                _kernel_thread_info_size_t_size
                0x000000003f404b88                _kernel_thread_info_num_offsets
                0x000000003f404b88                _kernel_openocd_num_offsets
                0x000000003f404b8c                _kernel_thread_info_offsets
                0x000000003f404b8c                _kernel_openocd_offsets

symbol_to_keep  0x000000003f404bc4        0x0 load address 0x0000000000004bc4
                0x000000003f404bc4                __symbol_to_keep_start = .
 *(SORT_BY_NAME(SORT_BY_ALIGNMENT(.symbol_to_keep*)))
                0x000000003f404bc4                __symbol_to_keep_end = .

shell_area      0x000000003f404bc4        0x0 load address 0x0000000000004bc4
                0x000000003f404bc4                _shell_list_start = .
 *(SORT_BY_NAME(SORT_BY_ALIGNMENT(._shell.static.*)))
                0x000000003f404bc4                _shell_list_end = .

shell_root_cmds_sections
                0x000000003f404bc4        0x0 load address 0x0000000000004bc4
                0x000000003f404bc4                __shell_root_cmds_start = .
 *(SORT_BY_NAME(SORT_BY_ALIGNMENT(.shell_root_cmd_*)))
                0x000000003f404bc4                __shell_root_cmds_end = .

shell_subcmds_sections
                0x000000003f404bc4        0x0 load address 0x0000000000004bc4
                0x000000003f404bc4                __shell_subcmds_start = .
 *(SORT_BY_NAME(SORT_BY_ALIGNMENT(.shell_subcmd_*)))
                0x000000003f404bc4                __shell_subcmds_end = .

shell_dynamic_subcmds_sections
                0x000000003f404bc4        0x0 load address 0x0000000000004bc4
                0x000000003f404bc4                __shell_dynamic_subcmds_start = .
 *(SORT_BY_NAME(SORT_BY_ALIGNMENT(.shell_dynamic_subcmd_*)))
                0x000000003f404bc4                __shell_dynamic_subcmds_end = .

font_entry_sections
                0x000000003f404bc4       0x24 load address 0x0000000000004bc4
                0x000000003f404bc4                __font_entry_start = .
 *(SORT_BY_NAME(SORT_BY_ALIGNMENT(._cfb_font.*)))
 ._cfb_font.static.font1016
                0x000000003f404bc4        0xc zephyr/libzephyr.a(cfb_fonts.c.obj)
 ._cfb_font.static.font1524
                0x000000003f404bd0        0xc zephyr/libzephyr.a(cfb_fonts.c.obj)
 ._cfb_font.static.font2032
                0x000000003f404bdc        0xc zephyr/libzephyr.a(cfb_fonts.c.obj)
                0x000000003f404be8                __font_entry_end = .

_RODATA_SECTION_END
                0x000000003f404be8        0x0 load address 0x0000000000004be8
                0x000000003f404be8                . = ALIGN (0x4)
                0x000000003f404be8                _image_rodata_end = ABSOLUTE (.)
                0x0000000000004be8                _image_dram_start = LOADADDR (.dram0.data)
                0x0000000000000dd8                _image_dram_size = ((LOADADDR (.dram0.end) + SIZEOF (.dram0.end)) - _image_dram_start)
                0x000000003ffb0000                _image_dram_vaddr = ADDR (.dram0.data)

.intList        0x000000003ebfe010       0x18
 *(SORT_BY_ALIGNMENT(.irq_info*))
 .irq_info      0x000000003ebfe010        0x8 zephyr/arch/common/libisr_tables.a(isr_tables.c.obj)
                0x000000003ebfe010                _iheader
 *(SORT_BY_ALIGNMENT(.intList*))
 .intList       0x000000003ebfe018       0x10 zephyr/drivers/timer/libdrivers__timer.a(xtensa_sys_timer.c.obj)

.dram0.data     0x000000003ffb0000      0xc48 load address 0x0000000000004be8
                0x000000003ffb0000                __data_start = ABSOLUTE (.)
                0x000000003ffb0000                _btdm_data_start = ABSOLUTE (.)
 *libbtdm_app.a:(SORT_BY_ALIGNMENT(.data) SORT_BY_ALIGNMENT(.data.*))
                0x000000003ffb0000                . = ALIGN (0x4)
                0x000000003ffb0000                _btdm_data_end = ABSOLUTE (.)
 *(SORT_BY_ALIGNMENT(.data))
 *(SORT_BY_ALIGNMENT(.data.*))
 .data.spi_data_1
                0x000000003ffb0000      0x168 zephyr/drivers/spi/libdrivers__spi.a(spi_esp32_spim.c.obj)
 .data.spi_data_0
                0x000000003ffb0168      0x168 zephyr/drivers/spi/libdrivers__spi.a(spi_esp32_spim.c.obj)
 .data._char_out
                0x000000003ffb02d0        0x4 zephyr/libzephyr.a(printk.c.obj)
                0x000000003ffb02d0                _char_out
 .data.esp_log_default_level
                0x000000003ffb02d4        0x4 zephyr/libzephyr.a(log.c.obj)
                0x000000003ffb02d4                esp_log_default_level
 .data._stdout_hook
                0x000000003ffb02d8        0x4 zephyr/lib/libc/minimal/liblib__libc__minimal.a(stdout_console.c.obj)
 .data.z_coredump_memory_regions
                0x000000003ffb02dc       0x10 zephyr/subsys/debug/coredump/libsubsys__debug__coredump.a(coredump_memory_regions.c.obj)
                0x000000003ffb02dc                z_coredump_memory_regions
 .data.coredump_backend_logging
                0x000000003ffb02ec       0x14 zephyr/subsys/debug/coredump/libsubsys__debug__coredump.a(coredump_backend_logging.c.obj)
                0x000000003ffb02ec                coredump_backend_logging
 .data.gpio_config_1
                0x000000003ffb0300       0x10 zephyr/drivers/gpio/libdrivers__gpio.a(gpio_esp32.c.obj)
 .data.gpio_config_0
                0x000000003ffb0310       0x10 zephyr/drivers/gpio/libdrivers__gpio.a(gpio_esp32.c.obj)
 .data.uart_esp32_data_0
                0x000000003ffb0320       0x10 zephyr/drivers/serial/libdrivers__serial.a(uart_esp32.c.obj)
 .data.timeout_list
                0x000000003ffb0330        0x8 zephyr/kernel/libkernel.a(timeout.c.obj)
 *(SORT_BY_ALIGNMENT(.gnu.linkonce.d.*))
 *(SORT_BY_ALIGNMENT(.data1))
 *(SORT_BY_ALIGNMENT(.sdata))
 *(SORT_BY_ALIGNMENT(.sdata.*))
 *(SORT_BY_ALIGNMENT(.gnu.linkonce.s.*))
 *(SORT_BY_ALIGNMENT(.sdata2))
 *(SORT_BY_ALIGNMENT(.sdata2.*))
 *(SORT_BY_ALIGNMENT(.gnu.linkonce.s2.*))
 *libarch__xtensa__core.a:(SORT_BY_ALIGNMENT(.rodata) SORT_BY_ALIGNMENT(.rodata.*))
 .rodata.z_xtensa_exccause.str1.4
                0x000000003ffb0338      0x1f9 zephyr/arch/arch/xtensa/core/libarch__xtensa__core.a(fatal.c.obj)
 *fill*         0x000000003ffb0531        0x3 
 .rodata.z_xtensa_exccause
                0x000000003ffb0534      0x100 zephyr/arch/arch/xtensa/core/libarch__xtensa__core.a(fatal.c.obj)
 .rodata.z_irq_spurious.str1.4
                0x000000003ffb0634       0x32 zephyr/arch/arch/xtensa/core/libarch__xtensa__core.a(xtensa-asm2.c.obj)
 *fill*         0x000000003ffb0666        0x2 
 .rodata.z_xtensa_dump_stack.str1.4
                0x000000003ffb0668       0xd4 zephyr/arch/arch/xtensa/core/libarch__xtensa__core.a(xtensa-asm2.c.obj)
 .rodata.xtensa_excint1_c.str1.4
                0x000000003ffb073c       0xd6 zephyr/arch/arch/xtensa/core/libarch__xtensa__core.a(xtensa-asm2.c.obj)
 *fill*         0x000000003ffb0812        0x2 
 .rodata.z_xtensa_backtrace_print.str1.4
                0x000000003ffb0814       0x45 zephyr/arch/arch/xtensa/core/libarch__xtensa__core.a(xtensa_backtrace.c.obj)
 *fill*         0x000000003ffb0859        0x3 
 .rodata        0x000000003ffb085c        0x5 zephyr/arch/arch/xtensa/core/libarch__xtensa__core.a(coredump.c.obj)
 *libkernel.a:fatal.*(SORT_BY_ALIGNMENT(.rodata) SORT_BY_ALIGNMENT(.rodata.*))
 *fill*         0x000000003ffb0861        0x3 
 .rodata.reason_to_str.str1.4
                0x000000003ffb0864       0x5e zephyr/kernel/libkernel.a(fatal.c.obj)
 *fill*         0x000000003ffb08c2        0x2 
 .rodata.reason_to_str
                0x000000003ffb08c4       0x14 zephyr/kernel/libkernel.a(fatal.c.obj)
 .rodata.thread_name_get.str1.4
                0x000000003ffb08d8        0x8 zephyr/kernel/libkernel.a(fatal.c.obj)
 .rodata.k_sys_fatal_error_handler.str1.4
                0x000000003ffb08e0       0x14 zephyr/kernel/libkernel.a(fatal.c.obj)
 .rodata.z_fatal_error.str1.4
                0x000000003ffb08f4       0x4d zephyr/kernel/libkernel.a(fatal.c.obj)
 *libkernel.a:init.*(SORT_BY_ALIGNMENT(.rodata) SORT_BY_ALIGNMENT(.rodata.*))
 *fill*         0x000000003ffb0941        0x3 
 .rodata.init_idle_thread.str1.4
                0x000000003ffb0944        0x5 zephyr/kernel/libkernel.a(init.c.obj)
 *fill*         0x000000003ffb0949        0x3 
 .rodata.prepare_multithreading.str1.4
                0x000000003ffb094c        0x5 zephyr/kernel/libkernel.a(init.c.obj)
 *fill*         0x000000003ffb0951        0x3 
 .rodata.levels$0
                0x000000003ffb0954       0x18 zephyr/kernel/libkernel.a(init.c.obj)
 .rodata.str1.4
                0x000000003ffb096c        0x3 zephyr/kernel/libkernel.a(init.c.obj)
 *libzephyr.a:cbprintf_complete*(SORT_BY_ALIGNMENT(.rodata) SORT_BY_ALIGNMENT(.rodata.*))
 *fill*         0x000000003ffb096f        0x1 
 .rodata.extract_flags
                0x000000003ffb0970       0x44 zephyr/libzephyr.a(cbprintf_complete.c.obj)
 .rodata.extract_length
                0x000000003ffb09b4       0xbc zephyr/libzephyr.a(cbprintf_complete.c.obj)
 .rodata.store_count
                0x000000003ffb0a70       0x20 zephyr/libzephyr.a(cbprintf_complete.c.obj)
 .rodata.z_cbvprintf_impl.str1.4
                0x000000003ffb0a90        0x6 zephyr/libzephyr.a(cbprintf_complete.c.obj)
 *fill*         0x000000003ffb0a96        0x2 
 .rodata.z_cbvprintf_impl
                0x000000003ffb0a98      0x150 zephyr/libzephyr.a(cbprintf_complete.c.obj)
 *libzephyr.a:log_core.*(SORT_BY_ALIGNMENT(.rodata) SORT_BY_ALIGNMENT(.rodata.*))
 *libzephyr.a:log_backend_uart.*(SORT_BY_ALIGNMENT(.rodata) SORT_BY_ALIGNMENT(.rodata.*))
 *libzephyr.a:log_output.*(SORT_BY_ALIGNMENT(.rodata) SORT_BY_ALIGNMENT(.rodata.*))
 *libzephyr.a:loader.*(SORT_BY_ALIGNMENT(.rodata) SORT_BY_ALIGNMENT(.rodata.*))
 *libdrivers__flash.a:flash_esp32.*(SORT_BY_ALIGNMENT(.rodata) SORT_BY_ALIGNMENT(.rodata.*))
 *libzephyr.a:spi_flash_rom_patch.*(SORT_BY_ALIGNMENT(.rodata) SORT_BY_ALIGNMENT(.rodata.*))
 *libdrivers__serial.a:uart_esp32.*(SORT_BY_ALIGNMENT(.rodata) SORT_BY_ALIGNMENT(.rodata.*))
 .rodata.str1.4
                0x000000003ffb0be8       0x1b zephyr/drivers/serial/libdrivers__serial.a(uart_esp32.c.obj)
 *fill*         0x000000003ffb0c03        0x1 
 .rodata.__pinctrl_dev_config__device_dts_ord_59
                0x000000003ffb0c04        0x8 zephyr/drivers/serial/libdrivers__serial.a(uart_esp32.c.obj)
 .rodata.__pinctrl_states__device_dts_ord_59
                0x000000003ffb0c0c        0x8 zephyr/drivers/serial/libdrivers__serial.a(uart_esp32.c.obj)
 .rodata.__pinctrl_state_pins_0__device_dts_ord_59
                0x000000003ffb0c14       0x10 zephyr/drivers/serial/libdrivers__serial.a(uart_esp32.c.obj)
 *(SORT_BY_ALIGNMENT(.jcr))
 *(SORT_BY_ALIGNMENT(.dram1) SORT_BY_ALIGNMENT(.dram1.*))
 .dram1.5       0x000000003ffb0c24       0x10 zephyr/drivers/serial/libdrivers__serial.a(uart_esp32.c.obj)
 .dram1.4       0x000000003ffb0c34       0x14 zephyr/drivers/serial/libdrivers__serial.a(uart_esp32.c.obj)
                0x000000003ffb0c48                . = ALIGN (0x4)

sw_isr_table    0x000000003ffb0c48      0x100 load address 0x0000000000005830
                0x000000003ffb0c48                . = ALIGN (0x4)
 *(SORT_BY_ALIGNMENT(.gnu.linkonce.sw_isr_table*))
 .gnu.linkonce.sw_isr_table
                0x000000003ffb0c48      0x100 zephyr/arch/common/libisr_tables.a(isr_tables.c.obj)
                0x000000003ffb0c48                _sw_isr_table

device_states   0x000000003ffb0d48       0x10 load address 0x0000000000005930
                0x000000003ffb0d48                __device_states_start = .
 *(SORT_BY_ALIGNMENT(.z_devstate))
 .z_devstate    0x000000003ffb0d48        0x2 zephyr/drivers/clock_control/libdrivers__clock_control.a(clock_control_esp32.c.obj)
 .z_devstate    0x000000003ffb0d4a        0x2 zephyr/drivers/display/libdrivers__display.a(display_st7789v.c.obj)
 .z_devstate    0x000000003ffb0d4c        0x2 zephyr/drivers/entropy/libdrivers__entropy.a(entropy_esp32.c.obj)
 .z_devstate    0x000000003ffb0d4e        0x4 zephyr/drivers/gpio/libdrivers__gpio.a(gpio_esp32.c.obj)
 .z_devstate    0x000000003ffb0d52        0x2 zephyr/drivers/serial/libdrivers__serial.a(uart_esp32.c.obj)
 .z_devstate    0x000000003ffb0d54        0x4 zephyr/drivers/spi/libdrivers__spi.a(spi_esp32_spim.c.obj)
 *(SORT_BY_ALIGNMENT(.z_devstate.*))
                0x000000003ffb0d58                __device_states_end = .

initshell       0x000000003ffb0d58        0x0 load address 0x0000000000005940
                0x000000003ffb0d58                __shell_module_start = .
 *(SORT_BY_ALIGNMENT(.shell_module_*))
                0x000000003ffb0d58                __shell_module_end = .
                0x000000003ffb0d58                __shell_cmd_start = .
 *(SORT_BY_ALIGNMENT(.shell_cmd_*))
                0x000000003ffb0d58                __shell_cmd_end = .

log_mpsc_pbuf_area
                0x000000003ffb0d58        0x0 load address 0x0000000000005940
                0x000000003ffb0d58                _log_mpsc_pbuf_list_start = .
 *(SORT_BY_NAME(SORT_BY_ALIGNMENT(._log_mpsc_pbuf.static.*)))
                0x000000003ffb0d58                _log_mpsc_pbuf_list_end = .

log_msg_ptr_area
                0x000000003ffb0d58        0x0 load address 0x0000000000005940
                0x000000003ffb0d58                _log_msg_ptr_list_start = .
 *(SORT_BY_NAME(SORT_BY_ALIGNMENT(._log_msg_ptr.static.*)))
                0x000000003ffb0d58                _log_msg_ptr_list_end = .

log_dynamic_sections
                0x000000003ffb0d58        0x0 load address 0x0000000000005940
                0x000000003ffb0d58                __log_dynamic_start = .
 *(SORT_BY_NAME(SORT_BY_ALIGNMENT(.log_dynamic_*)))
                0x000000003ffb0d58                __log_dynamic_end = .

k_timer_area    0x000000003ffb0d58        0x0 load address 0x0000000000005940
                0x000000003ffb0d58                _k_timer_list_start = .
 *(SORT_BY_NAME(SORT_BY_ALIGNMENT(._k_timer.static.*)))
                0x000000003ffb0d58                _k_timer_list_end = .

k_mem_slab_area
                0x000000003ffb0d58        0x0 load address 0x0000000000005940
                0x000000003ffb0d58                _k_mem_slab_list_start = .
 *(SORT_BY_NAME(SORT_BY_ALIGNMENT(._k_mem_slab.static.*)))
                0x000000003ffb0d58                _k_mem_slab_list_end = .

k_heap_area     0x000000003ffb0d58       0x28 load address 0x0000000000005940
                0x000000003ffb0d58                _k_heap_list_start = .
 *(SORT_BY_NAME(SORT_BY_ALIGNMENT(._k_heap.static.*)))
 ._k_heap.static._internal_heap_1
                0x000000003ffb0d58       0x14 zephyr/libzephyr.a(heap_caps.c.obj)
                0x000000003ffb0d58                _internal_heap_1
 ._k_heap.static._system_heap
                0x000000003ffb0d6c       0x14 zephyr/kernel/libkernel.a(mempool.c.obj)
                0x000000003ffb0d6c                _system_heap
                0x000000003ffb0d80                _k_heap_list_end = .

k_mutex_area    0x000000003ffb0d80        0x0 load address 0x0000000000005968
                0x000000003ffb0d80                _k_mutex_list_start = .
 *(SORT_BY_NAME(SORT_BY_ALIGNMENT(._k_mutex.static.*)))
                0x000000003ffb0d80                _k_mutex_list_end = .

k_stack_area    0x000000003ffb0d80        0x0 load address 0x0000000000005968
                0x000000003ffb0d80                _k_stack_list_start = .
 *(SORT_BY_NAME(SORT_BY_ALIGNMENT(._k_stack.static.*)))
                0x000000003ffb0d80                _k_stack_list_end = .

k_msgq_area     0x000000003ffb0d80        0x0 load address 0x0000000000005968
                0x000000003ffb0d80                _k_msgq_list_start = .
 *(SORT_BY_NAME(SORT_BY_ALIGNMENT(._k_msgq.static.*)))
                0x000000003ffb0d80                _k_msgq_list_end = .

k_mbox_area     0x000000003ffb0d80        0x0 load address 0x0000000000005968
                0x000000003ffb0d80                _k_mbox_list_start = .
 *(SORT_BY_NAME(SORT_BY_ALIGNMENT(._k_mbox.static.*)))
                0x000000003ffb0d80                _k_mbox_list_end = .

k_pipe_area     0x000000003ffb0d80        0x0 load address 0x0000000000005968
                0x000000003ffb0d80                _k_pipe_list_start = .
 *(SORT_BY_NAME(SORT_BY_ALIGNMENT(._k_pipe.static.*)))
                0x000000003ffb0d80                _k_pipe_list_end = .

k_sem_area      0x000000003ffb0d80        0x0 load address 0x0000000000005968
                0x000000003ffb0d80                _k_sem_list_start = .
 *(SORT_BY_NAME(SORT_BY_ALIGNMENT(._k_sem.static.*)))
                0x000000003ffb0d80                _k_sem_list_end = .

k_event_area    0x000000003ffb0d80        0x0 load address 0x0000000000005968
                0x000000003ffb0d80                _k_event_list_start = .
 *(SORT_BY_NAME(SORT_BY_ALIGNMENT(._k_event.static.*)))
                0x000000003ffb0d80                _k_event_list_end = .

k_queue_area    0x000000003ffb0d80        0x0 load address 0x0000000000005968
                0x000000003ffb0d80                _k_queue_list_start = .
 *(SORT_BY_NAME(SORT_BY_ALIGNMENT(._k_queue.static.*)))
                0x000000003ffb0d80                _k_queue_list_end = .

k_condvar_area  0x000000003ffb0d80        0x0 load address 0x0000000000005968
                0x000000003ffb0d80                _k_condvar_list_start = .
 *(SORT_BY_NAME(SORT_BY_ALIGNMENT(._k_condvar.static.*)))
                0x000000003ffb0d80                _k_condvar_list_end = .

_net_buf_pool_area
                0x000000003ffb0d80        0x0 load address 0x0000000000005968
                0x000000003ffb0d80                _net_buf_pool_list = .
 *(SORT_BY_NAME(SORT_BY_ALIGNMENT(._net_buf_pool.static.*)))

log_strings_sections
                0x000000003ffb0d80        0x0 load address 0x0000000000005968
                0x000000003ffb0d80                __log_strings_start = .
 *(SORT_BY_NAME(SORT_BY_ALIGNMENT(.log_strings*)))
                0x000000003ffb0d80                __log_strings_end = .

log_const_sections
                0x000000003ffb0d80       0x58 load address 0x0000000000005968
                0x000000003ffb0d80                __log_const_start = .
 *(SORT_BY_NAME(SORT_BY_ALIGNMENT(.log_const_*)))
 .log_const_cbprintf_package
                0x000000003ffb0d80        0x8 zephyr/libzephyr.a(cbprintf_packaged.c.obj)
                0x000000003ffb0d80                log_const_cbprintf_package
 .log_const_cfb
                0x000000003ffb0d88        0x8 zephyr/libzephyr.a(cfb.c.obj)
                0x000000003ffb0d88                log_const_cfb
 .log_const_coredump
                0x000000003ffb0d90        0x8 zephyr/subsys/debug/coredump/libsubsys__debug__coredump.a(coredump_backend_logging.c.obj)
                0x000000003ffb0d90                log_const_coredump
 .log_const_display_st7789v
                0x000000003ffb0d98        0x8 zephyr/drivers/display/libdrivers__display.a(display_st7789v.c.obj)
                0x000000003ffb0d98                log_const_display_st7789v
 .log_const_esp32_intc
                0x000000003ffb0da0        0x8 zephyr/drivers/interrupt_controller/libdrivers__interrupt_controller.a(intc_esp32.c.obj)
                0x000000003ffb0da0                log_const_esp32_intc
 .log_const_esp32_spi
                0x000000003ffb0da8        0x8 zephyr/drivers/spi/libdrivers__spi.a(spi_esp32_spim.c.obj)
                0x000000003ffb0da8                log_const_esp32_spi
 .log_const_esp_timer
                0x000000003ffb0db0        0x8 zephyr/libzephyr.a(esp_timer.c.obj)
                0x000000003ffb0db0                log_const_esp_timer
 .log_const_gpio_esp32
                0x000000003ffb0db8        0x8 zephyr/drivers/gpio/libdrivers__gpio.a(gpio_esp32.c.obj)
                0x000000003ffb0db8                log_const_gpio_esp32
 .log_const_os  0x000000003ffb0dc0        0x8 zephyr/kernel/libkernel.a(init.c.obj)
                0x000000003ffb0dc0                log_const_os
 .log_const_uart_esp32
                0x000000003ffb0dc8        0x8 zephyr/drivers/serial/libdrivers__serial.a(uart_esp32.c.obj)
                0x000000003ffb0dc8                log_const_uart_esp32
 .log_const_user_main
                0x000000003ffb0dd0        0x8 app/libapp.a(main.c.obj)
                0x000000003ffb0dd0                log_const_user_main
                0x000000003ffb0dd8                __log_const_end = .

log_backend_area
                0x000000003ffb0dd8        0x0 load address 0x00000000000059c0
                0x000000003ffb0dd8                _log_backend_list_start = .
 *(SORT_BY_NAME(SORT_BY_ALIGNMENT(._log_backend.static.*)))
                0x000000003ffb0dd8                _log_backend_list_end = .

log_link_area   0x000000003ffb0dd8        0x0 load address 0x00000000000059c0
                0x000000003ffb0dd8                _log_link_list_start = .
 *(SORT_BY_NAME(SORT_BY_ALIGNMENT(._log_link.static.*)))
                0x000000003ffb0dd8                _log_link_list_end = .

.dram0.end      0x000000003ffb0dd8        0x0 load address 0x00000000000059c0
                0x000000003ffb0dd8                . = ALIGN (0x4)
                0x000000003ffb0dd8                . = ALIGN (0x4)
                0x000000003ffb2228                _end = ABSOLUTE (.)
                0x000000003ffb0dd8                __data_end = ABSOLUTE (.)
                0x00000000000059c0                _image_iram_start = LOADADDR (.iram0.vectors)
                0x00000000000042f8                _image_iram_size = ((LOADADDR (text) + SIZEOF (text)) - _image_iram_start)
                0x0000000040080000                _image_iram_vaddr = ADDR (.iram0.vectors)

.iram0.vectors  0x0000000040080000      0x400 load address 0x00000000000059c0
                0x0000000040080000                _init_start = ABSOLUTE (.)
                0x0000000000000000                . = 0x0
 *(SORT_BY_ALIGNMENT(.WindowVectors.text))
 .WindowVectors.text
                0x0000000040080000      0x16a zephyr/arch/arch/xtensa/core/libarch__xtensa__core.a(window_vectors.S.obj)
                0x0000000040080000                _WindowOverflow4
                0x0000000040080040                _WindowUnderflow4
                0x0000000040080050                _xt_alloca_exc
                0x0000000040080080                _WindowOverflow8
                0x00000000400800c0                _WindowUnderflow8
                0x0000000040080100                _WindowOverflow12
                0x0000000040080140                _WindowUnderflow12
                0x0000000000000180                . = 0x180
 *fill*         0x000000004008016a       0x16 
 *(SORT_BY_ALIGNMENT(.Level2InterruptVector.text))
 .Level2InterruptVector.text
                0x0000000040080180       0x29 zephyr/arch/arch/xtensa/core/libarch__xtensa__core.a(xtensa-asm2-util.S.obj)
                0x0000000040080180                _Level2Vector
                0x00000000000001c0                . = 0x1c0
 *fill*         0x00000000400801a9       0x17 
 *(SORT_BY_ALIGNMENT(.Level3InterruptVector.text))
 .Level3InterruptVector.text
                0x00000000400801c0       0x25 zephyr/arch/arch/xtensa/core/libarch__xtensa__core.a(xtensa-asm2-util.S.obj)
                                         0x29 (size before relaxing)
                0x00000000400801c0                _Level3Vector
                0x0000000000000200                . = 0x200
 *fill*         0x00000000400801e5       0x1b 
 *(SORT_BY_ALIGNMENT(.Level4InterruptVector.text))
 .Level4InterruptVector.text
                0x0000000040080200       0x25 zephyr/arch/arch/xtensa/core/libarch__xtensa__core.a(xtensa-asm2-util.S.obj)
                                         0x29 (size before relaxing)
                0x0000000040080200                _Level4Vector
                0x0000000000000240                . = 0x240
 *fill*         0x0000000040080225       0x1b 
 *(SORT_BY_ALIGNMENT(.Level5InterruptVector.text))
 .Level5InterruptVector.text
                0x0000000040080240       0x25 zephyr/arch/arch/xtensa/core/libarch__xtensa__core.a(xtensa-asm2-util.S.obj)
                                         0x29 (size before relaxing)
                0x0000000040080240                _Level5Vector
                0x0000000000000280                . = 0x280
 *fill*         0x0000000040080265       0x1b 
 *(SORT_BY_ALIGNMENT(.DebugExceptionVector.text))
 .DebugExceptionVector.text
                0x0000000040080280       0x25 zephyr/arch/arch/xtensa/core/libarch__xtensa__core.a(xtensa-asm2-util.S.obj)
                                         0x29 (size before relaxing)
                0x0000000040080280                _Level6Vector
                0x00000000000002c0                . = 0x2c0
 *fill*         0x00000000400802a5       0x1b 
 *(SORT_BY_ALIGNMENT(.NMIExceptionVector.text))
 .NMIExceptionVector.text
                0x00000000400802c0       0x25 zephyr/arch/arch/xtensa/core/libarch__xtensa__core.a(xtensa-asm2-util.S.obj)
                                         0x29 (size before relaxing)
                0x00000000400802c0                _Level7Vector
                0x0000000000000300                . = 0x300
 *fill*         0x00000000400802e5       0x1b 
 *(SORT_BY_ALIGNMENT(.KernelExceptionVector.text))
 .KernelExceptionVector.text
                0x0000000040080300        0x3 zephyr/arch/arch/xtensa/core/libarch__xtensa__core.a(xtensa-asm2-util.S.obj)
                0x0000000040080300                _KernelExceptionVector
                0x0000000000000340                . = 0x340
 *fill*         0x0000000040080303       0x3d 
 *(SORT_BY_ALIGNMENT(.UserExceptionVector.text))
 .UserExceptionVector.text
                0x0000000040080340       0x12 zephyr/arch/arch/xtensa/core/libarch__xtensa__core.a(xtensa-asm2-util.S.obj)
                0x0000000040080340                _Level1RealVector
                0x00000000000003c0                . = 0x3c0
 *fill*         0x0000000040080352       0x6e 
 *(SORT_BY_ALIGNMENT(.DoubleExceptionVector.text))
 .DoubleExceptionVector.text
                0x00000000400803c0        0x6 zephyr/arch/arch/xtensa/core/libarch__xtensa__core.a(xtensa-asm2-util.S.obj)
                0x00000000400803c0                _DoubleExceptionVector
                0x0000000000000400                . = 0x400
 *fill*         0x00000000400803c6       0x3a 
 *(SORT_BY_ALIGNMENT(.*Vector.literal))
 *(SORT_BY_ALIGNMENT(.UserEnter.literal))
 *(SORT_BY_ALIGNMENT(.UserEnter.text))
                0x0000000040080400                . = ALIGN (0x10)
 *(SORT_BY_ALIGNMENT(.entry.text))
 *(SORT_BY_ALIGNMENT(.init.literal))
 *(.init)
                0x0000000040080400                _init_end = ABSOLUTE (.)
                0x0000000000000000                _iram_start = ABSOLUTE (0x0)

text            0x0000000040080400     0x3ef8 load address 0x0000000000005dc0
                0x0000000040080400                _iram_text_start = ABSOLUTE (.)
 *(SORT_BY_ALIGNMENT(.iram1) SORT_BY_ALIGNMENT(.iram1.*))
 .iram1.literal
                0x0000000040080400       0x1c zephyr/libzephyr.a(soc.c.obj)
                                         0x30 (size before relaxing)
 .iram1.11.literal
                0x000000004008041c        0x4 zephyr/libzephyr.a(soc.c.obj)
                                          0x8 (size before relaxing)
 .iram1.2.literal
                0x0000000040080420        0x8 zephyr/libzephyr.a(regi2c_ctrl.c.obj)
 .iram1.2.literal
                0x0000000040080428        0x8 zephyr/libzephyr.a(esp_clk.c.obj)
 .iram1.3.literal
                0x0000000040080430        0x4 zephyr/libzephyr.a(esp_clk.c.obj)
                                          0xc (size before relaxing)
 .iram1.5.literal
                0x0000000040080434        0x0 zephyr/libzephyr.a(esp_clk.c.obj)
                                          0x4 (size before relaxing)
 .iram1.3.literal
                0x0000000040080434       0x28 zephyr/arch/arch/xtensa/core/libarch__xtensa__core.a(xtensa_backtrace.c.obj)
 .iram1.literal
                0x000000004008045c        0x0 zephyr/arch/arch/xtensa/core/libarch__xtensa__core.a(debug_helpers_asm.S.obj)
                                          0x4 (size before relaxing)
 .iram1.5.literal
                0x000000004008045c        0x4 zephyr/drivers/interrupt_controller/libdrivers__interrupt_controller.a(intc_esp32.c.obj)
 .iram1.8.literal
                0x0000000040080460        0x4 zephyr/drivers/interrupt_controller/libdrivers__interrupt_controller.a(intc_esp32.c.obj)
                                          0x8 (size before relaxing)
 .iram1.3.literal
                0x0000000040080464        0x0 zephyr/drivers/gpio/libdrivers__gpio.a(gpio_esp32.c.obj)
                                          0x4 (size before relaxing)
 .iram1.4.literal
                0x0000000040080464        0x8 zephyr/drivers/gpio/libdrivers__gpio.a(gpio_esp32.c.obj)
                                         0x10 (size before relaxing)
 .iram1.24.literal
                0x000000004008046c       0x1c zephyr/drivers/spi/libdrivers__spi.a(spi_esp32_spim.c.obj)
                                         0x40 (size before relaxing)
 .iram1.22.literal
                0x0000000040080488       0x18 zephyr/drivers/spi/libdrivers__spi.a(spi_esp32_spim.c.obj)
                                         0x60 (size before relaxing)
 .iram1.23.literal
                0x00000000400804a0        0x0 zephyr/drivers/spi/libdrivers__spi.a(spi_esp32_spim.c.obj)
                                          0xc (size before relaxing)
 .literal.arch_cpu_idle
                0x00000000400804a0        0x0 zephyr/arch/arch/xtensa/core/libarch__xtensa__core.a(cpu_idle.c.obj)
                                          0x4 (size before relaxing)
 .literal.z_xtensa_exccause
                0x00000000400804a0       0x68 zephyr/arch/arch/xtensa/core/libarch__xtensa__core.a(fatal.c.obj)
 .literal.z_xtensa_fatal_error
                0x0000000040080508        0x0 zephyr/arch/arch/xtensa/core/libarch__xtensa__core.a(fatal.c.obj)
                                         0x14 (size before relaxing)
 .literal       0x0000000040080508        0x4 zephyr/arch/arch/xtensa/core/libarch__xtensa__core.a(xtensa-asm2-util.S.obj)
                                          0x8 (size before relaxing)
 .literal._xtensa_handle_one_int1
                0x000000004008050c       0x18 zephyr/arch/arch/xtensa/core/libarch__xtensa__core.a(xtensa-asm2.c.obj)
 .literal._xtensa_handle_one_int3
                0x0000000040080524       0x1c zephyr/arch/arch/xtensa/core/libarch__xtensa__core.a(xtensa-asm2.c.obj)
                                         0x20 (size before relaxing)
 .literal._xtensa_handle_one_int5
                0x0000000040080540        0xc zephyr/arch/arch/xtensa/core/libarch__xtensa__core.a(xtensa-asm2.c.obj)
                                         0x10 (size before relaxing)
 .literal._xtensa_handle_one_int2
                0x000000004008054c        0xc zephyr/arch/arch/xtensa/core/libarch__xtensa__core.a(xtensa-asm2.c.obj)
                                         0x10 (size before relaxing)
 .literal._xtensa_handle_one_int4
                0x0000000040080558       0x14 zephyr/arch/arch/xtensa/core/libarch__xtensa__core.a(xtensa-asm2.c.obj)
                                         0x18 (size before relaxing)
 .literal.xtensa_int1_c
                0x000000004008056c        0x0 zephyr/arch/arch/xtensa/core/libarch__xtensa__core.a(xtensa-asm2.c.obj)
                                          0xc (size before relaxing)
 .literal.xtensa_init_stack
                0x000000004008056c        0x8 zephyr/arch/arch/xtensa/core/libarch__xtensa__core.a(xtensa-asm2.c.obj)
                                          0xc (size before relaxing)
 .literal.arch_new_thread
                0x0000000040080574        0x0 zephyr/arch/arch/xtensa/core/libarch__xtensa__core.a(xtensa-asm2.c.obj)
                                          0x4 (size before relaxing)
 .literal.z_irq_spurious
                0x0000000040080574        0x4 zephyr/arch/arch/xtensa/core/libarch__xtensa__core.a(xtensa-asm2.c.obj)
                                          0xc (size before relaxing)
 .literal.z_xtensa_dump_stack
                0x0000000040080578       0x18 zephyr/arch/arch/xtensa/core/libarch__xtensa__core.a(xtensa-asm2.c.obj)
                                         0x30 (size before relaxing)
 .literal.xtensa_int2_c
                0x0000000040080590        0x0 zephyr/arch/arch/xtensa/core/libarch__xtensa__core.a(xtensa-asm2.c.obj)
                                          0xc (size before relaxing)
 .literal.xtensa_int3_c
                0x0000000040080590        0x0 zephyr/arch/arch/xtensa/core/libarch__xtensa__core.a(xtensa-asm2.c.obj)
                                          0xc (size before relaxing)
 .literal.xtensa_int4_c
                0x0000000040080590        0x0 zephyr/arch/arch/xtensa/core/libarch__xtensa__core.a(xtensa-asm2.c.obj)
                                          0xc (size before relaxing)
 .literal.xtensa_int5_c
                0x0000000040080590        0x0 zephyr/arch/arch/xtensa/core/libarch__xtensa__core.a(xtensa-asm2.c.obj)
                                          0xc (size before relaxing)
 .literal.xtensa_int6_c
                0x0000000040080590        0x0 zephyr/arch/arch/xtensa/core/libarch__xtensa__core.a(xtensa-asm2.c.obj)
                                          0x8 (size before relaxing)
 .literal.xtensa_int7_c
                0x0000000040080590        0x4 zephyr/arch/arch/xtensa/core/libarch__xtensa__core.a(xtensa-asm2.c.obj)
                                         0x10 (size before relaxing)
 .literal.xtensa_excint1_c
                0x0000000040080594       0x1c zephyr/arch/arch/xtensa/core/libarch__xtensa__core.a(xtensa-asm2.c.obj)
                                         0x4c (size before relaxing)
 .literal.z_xtensa_cpu_process_stack_pc
                0x00000000400805b0        0xc zephyr/arch/arch/xtensa/core/libarch__xtensa__core.a(xtensa_backtrace.c.obj)
                                         0x10 (size before relaxing)
 .literal.z_xtensa_backtrace_get_next_frame
                0x00000000400805bc        0x8 zephyr/arch/arch/xtensa/core/libarch__xtensa__core.a(xtensa_backtrace.c.obj)
                                         0x10 (size before relaxing)
 .literal.z_xtensa_backtrace_print
                0x00000000400805c4       0x14 zephyr/arch/arch/xtensa/core/libarch__xtensa__core.a(xtensa_backtrace.c.obj)
                                         0x58 (size before relaxing)
 .literal.arch_coredump_info_dump
                0x00000000400805d8        0x8 zephyr/arch/arch/xtensa/core/libarch__xtensa__core.a(coredump.c.obj)
                                         0x14 (size before relaxing)
 .literal.z_device_state_init
                0x00000000400805e0        0x8 zephyr/kernel/libkernel.a(device.c.obj)
 .literal.reason_to_str
                0x00000000400805e8       0x1c zephyr/kernel/libkernel.a(fatal.c.obj)
 .literal.thread_name_get
                0x0000000040080604        0x4 zephyr/kernel/libkernel.a(fatal.c.obj)
                                          0x8 (size before relaxing)
 .literal.k_sys_fatal_error_handler
                0x0000000040080608        0x4 zephyr/kernel/libkernel.a(fatal.c.obj)
                                          0xc (size before relaxing)
 .literal.z_fatal_error
                0x000000004008060c        0x8 zephyr/kernel/libkernel.a(fatal.c.obj)
                                         0x24 (size before relaxing)
 .literal.z_sys_init_run_level
                0x0000000040080614        0x4 zephyr/kernel/libkernel.a(init.c.obj)
 .literal.init_idle_thread
                0x0000000040080618       0x10 zephyr/kernel/libkernel.a(init.c.obj)
                                         0x18 (size before relaxing)
 .literal.bg_thread_main
                0x0000000040080628        0x8 zephyr/kernel/libkernel.a(init.c.obj)
                                         0x1c (size before relaxing)
 .literal.arch_switch
                0x0000000040080630        0x0 zephyr/kernel/libkernel.a(init.c.obj)
                                          0x4 (size before relaxing)
 .literal.z_swap_unlocked
                0x0000000040080630        0x0 zephyr/kernel/libkernel.a(init.c.obj)
                                         0x10 (size before relaxing)
 .literal.switch_to_main_thread
                0x0000000040080630        0x0 zephyr/kernel/libkernel.a(init.c.obj)
                                          0x4 (size before relaxing)
 .literal.z_early_memset
                0x0000000040080630        0x0 zephyr/kernel/libkernel.a(init.c.obj)
                                          0x4 (size before relaxing)
 .literal.z_bss_zero
                0x0000000040080630        0x8 zephyr/kernel/libkernel.a(init.c.obj)
                                          0xc (size before relaxing)
 .literal.z_init_cpu
                0x0000000040080638        0x4 zephyr/kernel/libkernel.a(init.c.obj)
                                         0x10 (size before relaxing)
 .literal.prepare_multithreading
                0x000000004008063c        0xc zephyr/kernel/libkernel.a(init.c.obj)
                                         0x28 (size before relaxing)
 .literal.z_cstart
                0x0000000040080648        0x0 zephyr/kernel/libkernel.a(init.c.obj)
                                         0x20 (size before relaxing)
 .literal.k_heap_init
                0x0000000040080648        0x0 zephyr/kernel/libkernel.a(kheap.c.obj)
                                          0x4 (size before relaxing)
 .literal.statics_init
                0x0000000040080648        0x8 zephyr/kernel/libkernel.a(kheap.c.obj)
                                          0xc (size before relaxing)
 .literal.k_heap_aligned_alloc
                0x0000000040080650        0x0 zephyr/kernel/libkernel.a(kheap.c.obj)
                                         0x14 (size before relaxing)
 .literal.k_heap_free
                0x0000000040080650        0x0 zephyr/kernel/libkernel.a(kheap.c.obj)
                                          0xc (size before relaxing)
 .literal.z_thread_monitor_exit
                0x0000000040080650        0x0 zephyr/kernel/libkernel.a(thread.c.obj)
                                          0x4 (size before relaxing)
 .literal.z_impl_k_thread_name_set
                0x0000000040080650        0x0 zephyr/kernel/libkernel.a(thread.c.obj)
                                          0x8 (size before relaxing)
 .literal.z_impl_k_thread_start
                0x0000000040080650        0x0 zephyr/kernel/libkernel.a(thread.c.obj)
                                          0x4 (size before relaxing)
 .literal.schedule_new_thread
                0x0000000040080650        0x4 zephyr/kernel/libkernel.a(thread.c.obj)
                                          0xc (size before relaxing)
 .literal.z_setup_new_thread
                0x0000000040080654        0x0 zephyr/kernel/libkernel.a(thread.c.obj)
                                         0x14 (size before relaxing)
 .literal.z_impl_k_thread_create
                0x0000000040080654        0x0 zephyr/kernel/libkernel.a(thread.c.obj)
                                          0x8 (size before relaxing)
 .literal.z_init_static_threads
                0x0000000040080654        0x4 zephyr/kernel/libkernel.a(thread.c.obj)
                                         0x18 (size before relaxing)
 .literal.idle  0x0000000040080658        0x0 zephyr/kernel/libkernel.a(idle.c.obj)
                                          0x4 (size before relaxing)
 .literal.z_impl_k_sem_give
                0x0000000040080658        0x4 zephyr/kernel/libkernel.a(sem.c.obj)
                                         0x14 (size before relaxing)
 .literal.z_impl_k_sem_take
                0x000000004008065c        0x0 zephyr/kernel/libkernel.a(sem.c.obj)
                                          0x8 (size before relaxing)
 .literal.sliceable
                0x000000004008065c        0x4 zephyr/kernel/libkernel.a(sched.c.obj)
                                          0x8 (size before relaxing)
 .literal.add_thread_timeout
                0x0000000040080660        0x0 zephyr/kernel/libkernel.a(sched.c.obj)
                                          0x8 (size before relaxing)
 .literal.arch_switch
                0x0000000040080660        0x0 zephyr/kernel/libkernel.a(sched.c.obj)
                                          0x4 (size before relaxing)
 .literal.z_reset_time_slice
                0x0000000040080660        0x4 zephyr/kernel/libkernel.a(sched.c.obj)
                                         0x10 (size before relaxing)
 .literal.k_sched_time_slice_set
                0x0000000040080664        0x0 zephyr/kernel/libkernel.a(sched.c.obj)
                                         0x10 (size before relaxing)
 .literal.k_sched_lock
                0x0000000040080664        0x0 zephyr/kernel/libkernel.a(sched.c.obj)
                                          0x4 (size before relaxing)
 .literal.z_swap_next_thread
                0x0000000040080664        0x0 zephyr/kernel/libkernel.a(sched.c.obj)
                                          0x4 (size before relaxing)
 .literal.z_swap_irqlock
                0x0000000040080664        0x0 zephyr/kernel/libkernel.a(sched.c.obj)
                                         0x10 (size before relaxing)
 .literal.z_reschedule_irqlock
                0x0000000040080664        0x0 zephyr/kernel/libkernel.a(sched.c.obj)
                                          0x4 (size before relaxing)
 .literal.z_swap
                0x0000000040080664        0x4 zephyr/kernel/libkernel.a(sched.c.obj)
                                         0x14 (size before relaxing)
 .literal.z_reschedule
                0x0000000040080668        0x0 zephyr/kernel/libkernel.a(sched.c.obj)
                                          0x8 (size before relaxing)
 .literal.z_get_next_switch_handle
                0x0000000040080668        0x0 zephyr/kernel/libkernel.a(sched.c.obj)
                                          0x4 (size before relaxing)
 .literal.unpend_thread_no_timeout
                0x0000000040080668        0x0 zephyr/kernel/libkernel.a(sched.c.obj)
                                          0x8 (size before relaxing)
 .literal.z_unpend_thread
                0x0000000040080668        0x0 zephyr/kernel/libkernel.a(sched.c.obj)
                                          0x8 (size before relaxing)
 .literal.update_cache
                0x0000000040080668        0x4 zephyr/kernel/libkernel.a(sched.c.obj)
                                         0x10 (size before relaxing)
 .literal.move_thread_to_end_of_prio_q
                0x000000004008066c        0x0 zephyr/kernel/libkernel.a(sched.c.obj)
                                         0x14 (size before relaxing)
 .literal.slice_expired_locked
                0x000000004008066c        0x0 zephyr/kernel/libkernel.a(sched.c.obj)
                                          0xc (size before relaxing)
 .literal.z_time_slice
                0x000000004008066c        0x0 zephyr/kernel/libkernel.a(sched.c.obj)
                                         0x10 (size before relaxing)
 .literal.ready_thread
                0x000000004008066c        0x0 zephyr/kernel/libkernel.a(sched.c.obj)
                                         0x10 (size before relaxing)
 .literal.z_ready_thread
                0x000000004008066c        0x0 zephyr/kernel/libkernel.a(sched.c.obj)
                                          0x8 (size before relaxing)
 .literal.z_sched_start
                0x000000004008066c        0x0 zephyr/kernel/libkernel.a(sched.c.obj)
                                          0xc (size before relaxing)
 .literal.z_thread_timeout
                0x000000004008066c        0x0 zephyr/kernel/libkernel.a(sched.c.obj)
                                          0x8 (size before relaxing)
 .literal.unpend_all
                0x000000004008066c        0x0 zephyr/kernel/libkernel.a(sched.c.obj)
                                          0xc (size before relaxing)
 .literal.unready_thread
                0x000000004008066c        0x0 zephyr/kernel/libkernel.a(sched.c.obj)
                                         0x10 (size before relaxing)
 .literal.add_to_waitq_locked
                0x000000004008066c        0x0 zephyr/kernel/libkernel.a(sched.c.obj)
                                          0x8 (size before relaxing)
 .literal.pend_locked
                0x000000004008066c        0x0 zephyr/kernel/libkernel.a(sched.c.obj)
                                          0x8 (size before relaxing)
 .literal.z_pend_curr
                0x000000004008066c        0x0 zephyr/kernel/libkernel.a(sched.c.obj)
                                         0x10 (size before relaxing)
 .literal.z_impl_k_thread_suspend
                0x000000004008066c        0x0 zephyr/kernel/libkernel.a(sched.c.obj)
                                         0x18 (size before relaxing)
 .literal.k_sched_unlock
                0x000000004008066c        0x0 zephyr/kernel/libkernel.a(sched.c.obj)
                                          0xc (size before relaxing)
 .literal.end_thread
                0x000000004008066c        0x0 zephyr/kernel/libkernel.a(sched.c.obj)
                                         0x1c (size before relaxing)
 .literal.z_unpend_first_thread
                0x000000004008066c        0x0 zephyr/kernel/libkernel.a(sched.c.obj)
                                          0xc (size before relaxing)
 .literal.z_unpend_all
                0x000000004008066c        0x0 zephyr/kernel/libkernel.a(sched.c.obj)
                                          0x8 (size before relaxing)
 .literal.z_sched_init
                0x000000004008066c        0x4 zephyr/kernel/libkernel.a(sched.c.obj)
                                          0xc (size before relaxing)
 .literal.z_impl_k_yield
                0x0000000040080670        0x0 zephyr/kernel/libkernel.a(sched.c.obj)
                                         0x1c (size before relaxing)
 .literal.z_tick_sleep
                0x0000000040080670        0x0 zephyr/kernel/libkernel.a(sched.c.obj)
                                         0x24 (size before relaxing)
 .literal.z_impl_k_sleep
                0x0000000040080670        0xc zephyr/kernel/libkernel.a(sched.c.obj)
                                         0x18 (size before relaxing)
 .literal.z_impl_z_current_get
                0x000000004008067c        0x0 zephyr/kernel/libkernel.a(sched.c.obj)
                                          0x4 (size before relaxing)
 .literal.z_thread_abort
                0x000000004008067c        0x0 zephyr/kernel/libkernel.a(sched.c.obj)
                                         0x14 (size before relaxing)
 .literal.z_impl_k_thread_abort
                0x000000004008067c        0x0 zephyr/kernel/libkernel.a(sched.c.obj)
                                          0x4 (size before relaxing)
 .literal.z_sched_wake
                0x000000004008067c        0x0 zephyr/kernel/libkernel.a(sched.c.obj)
                                         0x10 (size before relaxing)
 .literal.z_sched_wait
                0x000000004008067c        0x0 zephyr/kernel/libkernel.a(sched.c.obj)
                                          0x8 (size before relaxing)
 .literal.first
                0x000000004008067c        0x4 zephyr/kernel/libkernel.a(timeout.c.obj)
 .literal.next  0x0000000040080680        0x0 zephyr/kernel/libkernel.a(timeout.c.obj)
                                          0x4 (size before relaxing)
 .literal.remove_timeout
                0x0000000040080680        0x0 zephyr/kernel/libkernel.a(timeout.c.obj)
                                          0x4 (size before relaxing)
 .literal.elapsed
                0x0000000040080680        0x4 zephyr/kernel/libkernel.a(timeout.c.obj)
                                          0x8 (size before relaxing)
 .literal.next_timeout
                0x0000000040080684        0x0 zephyr/kernel/libkernel.a(timeout.c.obj)
                                         0x10 (size before relaxing)
 .literal.z_add_timeout
                0x0000000040080684        0x4 zephyr/kernel/libkernel.a(timeout.c.obj)
                                         0x24 (size before relaxing)
 .literal.z_abort_timeout
                0x0000000040080688        0x0 zephyr/kernel/libkernel.a(timeout.c.obj)
                                          0x4 (size before relaxing)
 .literal.z_set_timeout_expiry
                0x0000000040080688        0x0 zephyr/kernel/libkernel.a(timeout.c.obj)
                                          0x8 (size before relaxing)
 .literal.sys_clock_announce
                0x0000000040080688        0x0 zephyr/kernel/libkernel.a(timeout.c.obj)
                                         0x20 (size before relaxing)
 .literal.sys_clock_tick_get
                0x0000000040080688        0x0 zephyr/kernel/libkernel.a(timeout.c.obj)
                                          0x8 (size before relaxing)
 .literal.sys_clock_tick_get_32
                0x0000000040080688        0x0 zephyr/kernel/libkernel.a(timeout.c.obj)
                                          0x4 (size before relaxing)
 .literal.z_impl_k_uptime_ticks
                0x0000000040080688        0x0 zephyr/kernel/libkernel.a(timeout.c.obj)
                                          0x4 (size before relaxing)
 .literal.z_impl_k_busy_wait
                0x0000000040080688        0x8 zephyr/kernel/libkernel.a(timeout.c.obj)
                                         0x14 (size before relaxing)
 .literal.sys_clock_timeout_end_calc
                0x0000000040080690        0x0 zephyr/kernel/libkernel.a(timeout.c.obj)
                                          0x8 (size before relaxing)
 .literal.signal_poller
                0x0000000040080690        0x0 zephyr/kernel/libkernel.a(poll.c.obj)
                                          0xc (size before relaxing)
 .literal.signal_triggered_work
                0x0000000040080690        0x0 zephyr/kernel/libkernel.a(poll.c.obj)
                                          0x8 (size before relaxing)
 .literal.signal_poll_event
                0x0000000040080690        0x4 zephyr/kernel/libkernel.a(poll.c.obj)
                                          0xc (size before relaxing)
 .literal.z_handle_obj_poll_events
                0x0000000040080694        0x0 zephyr/kernel/libkernel.a(poll.c.obj)
                                          0x4 (size before relaxing)
 .literal.z_heap_aligned_alloc
                0x0000000040080694        0x0 zephyr/kernel/libkernel.a(mempool.c.obj)
                                          0x4 (size before relaxing)
 .literal.k_free
                0x0000000040080694        0x0 zephyr/kernel/libkernel.a(mempool.c.obj)
                                          0x4 (size before relaxing)
 .literal.k_aligned_alloc
                0x0000000040080694        0x4 zephyr/kernel/libkernel.a(mempool.c.obj)
                                          0x8 (size before relaxing)
 .literal.k_malloc
                0x0000000040080698        0x0 zephyr/kernel/libkernel.a(mempool.c.obj)
                                          0x4 (size before relaxing)
 .literal.k_calloc
                0x0000000040080698        0x0 zephyr/kernel/libkernel.a(mempool.c.obj)
                                          0x8 (size before relaxing)
 .literal.k_thread_system_pool_assign
                0x0000000040080698        0x0 zephyr/kernel/libkernel.a(mempool.c.obj)
                                          0x4 (size before relaxing)
 .literal.boot_banner
                0x0000000040080698        0x4 zephyr/kernel/libkernel.a(banner.c.obj)
                                          0x8 (size before relaxing)
 .literal.k_sys_work_q_init
                0x000000004008069c        0xc zephyr/kernel/libkernel.a(system_work_q.c.obj)
                                         0x10 (size before relaxing)
 .literal.notify_queue_locked
                0x00000000400806a8        0x0 zephyr/kernel/libkernel.a(work.c.obj)
                                          0x4 (size before relaxing)
 .literal.queue_submit_locked
                0x00000000400806a8        0x0 zephyr/kernel/libkernel.a(work.c.obj)
                                          0xc (size before relaxing)
 .literal.submit_to_queue_locked
                0x00000000400806a8        0x0 zephyr/kernel/libkernel.a(work.c.obj)
                                          0x4 (size before relaxing)
 .literal.finalize_cancel_locked
                0x00000000400806a8        0x4 zephyr/kernel/libkernel.a(work.c.obj)
                                          0xc (size before relaxing)
 .literal.work_queue_main
                0x00000000400806ac        0x4 zephyr/kernel/libkernel.a(work.c.obj)
                                         0x14 (size before relaxing)
 .literal.z_work_submit_to_queue
                0x00000000400806b0        0x0 zephyr/kernel/libkernel.a(work.c.obj)
                                          0x4 (size before relaxing)
 .literal.k_work_queue_start
                0x00000000400806b0        0x4 zephyr/kernel/libkernel.a(work.c.obj)
                                         0x10 (size before relaxing)
 .literal       0x00000000400806b4        0x4 zephyr/libzephyr.a(windowspill_asm.S.obj)
 .literal.esp_log_early_timestamp
                0x00000000400806b8        0x0 zephyr/libzephyr.a(log_noos.c.obj)
                                         0x10 (size before relaxing)
 .literal.sys_clock_driver_init
                0x00000000400806b8        0x4 zephyr/drivers/timer/libdrivers__timer.a(xtensa_sys_timer.c.obj)
                                          0xc (size before relaxing)
 .literal.ccompare_isr
                0x00000000400806bc        0x8 zephyr/drivers/timer/libdrivers__timer.a(xtensa_sys_timer.c.obj)
                                         0x14 (size before relaxing)
 .literal.sys_clock_set_timeout
                0x00000000400806c4        0x8 zephyr/drivers/timer/libdrivers__timer.a(xtensa_sys_timer.c.obj)
                                         0x1c (size before relaxing)
 .literal.sys_clock_elapsed
                0x00000000400806cc        0x0 zephyr/drivers/timer/libdrivers__timer.a(xtensa_sys_timer.c.obj)
                                          0xc (size before relaxing)
 .literal.sys_clock_cycle_get_32
                0x00000000400806cc        0x0 zephyr/drivers/timer/libdrivers__timer.a(xtensa_sys_timer.c.obj)
                                          0x4 (size before relaxing)
 .literal.extract_flags
                0x00000000400806cc        0x4 zephyr/libzephyr.a(cbprintf_complete.c.obj)
 .literal.extract_width
                0x00000000400806d0        0x0 zephyr/libzephyr.a(cbprintf_complete.c.obj)
                                          0x4 (size before relaxing)
 .literal.extract_prec
                0x00000000400806d0        0x0 zephyr/libzephyr.a(cbprintf_complete.c.obj)
                                          0x4 (size before relaxing)
 .literal.extract_length
                0x00000000400806d0       0x14 zephyr/libzephyr.a(cbprintf_complete.c.obj)
                                         0x28 (size before relaxing)
 .literal.extract_specifier
                0x00000000400806e4       0x10 zephyr/libzephyr.a(cbprintf_complete.c.obj)
                                         0x14 (size before relaxing)
 .literal.extract_conversion
                0x00000000400806f4        0x0 zephyr/libzephyr.a(cbprintf_complete.c.obj)
                                         0x14 (size before relaxing)
 .literal.encode_uint
                0x00000000400806f4        0x4 zephyr/libzephyr.a(cbprintf_complete.c.obj)
                                          0xc (size before relaxing)
 .literal.store_count
                0x00000000400806f8        0x4 zephyr/libzephyr.a(cbprintf_complete.c.obj)
 .literal.z_cbvprintf_impl
                0x00000000400806fc        0xc zephyr/libzephyr.a(cbprintf_complete.c.obj)
                                         0x2c (size before relaxing)
 .literal.char_out
                0x0000000040080708        0x4 zephyr/libzephyr.a(printk.c.obj)
 .literal.vprintk
                0x000000004008070c        0x4 zephyr/libzephyr.a(printk.c.obj)
                                          0x8 (size before relaxing)
 .literal.printk
                0x0000000040080710        0x0 zephyr/libzephyr.a(printk.c.obj)
                                          0x4 (size before relaxing)
 .literal.console_out
                0x0000000040080710        0x4 zephyr/drivers/console/libdrivers__console.a(uart_console.c.obj)
 .literal.__start
                0x0000000040080714        0x0 zephyr/libzephyr.a(loader.c.obj)
                                          0x4 (size before relaxing)
 .iram1         0x0000000040080714       0x4f zephyr/libzephyr.a(soc.c.obj)
                                         0x5b (size before relaxing)
                0x0000000040080714                __esp_platform_start
 *fill*         0x0000000040080763        0x1 
 .iram1.11      0x0000000040080764       0x1b zephyr/libzephyr.a(soc.c.obj)
                0x0000000040080764                arch_printk_char_out
 *fill*         0x000000004008077f        0x1 
 .iram1.2       0x0000000040080780       0x27 zephyr/libzephyr.a(regi2c_ctrl.c.obj)
                0x0000000040080780                regi2c_ctrl_write_reg
 *fill*         0x00000000400807a7        0x1 
 .iram1.2       0x00000000400807a8       0x10 zephyr/libzephyr.a(esp_clk.c.obj)
                0x00000000400807a8                esp_clk_cpu_freq
 .iram1.3       0x00000000400807b8       0x1d zephyr/libzephyr.a(esp_clk.c.obj)
                0x00000000400807b8                esp_clk_apb_freq
 *fill*         0x00000000400807d5        0x3 
 .iram1.5       0x00000000400807d8        0xa zephyr/libzephyr.a(esp_clk.c.obj)
                0x00000000400807d8                ets_update_cpu_frequency
 *fill*         0x00000000400807e2        0x2 
 .iram1.3       0x00000000400807e4       0x6a zephyr/arch/arch/xtensa/core/libarch__xtensa__core.a(xtensa_backtrace.c.obj)
 *fill*         0x000000004008084e        0x2 
 .iram1         0x0000000040080850       0x1a zephyr/arch/arch/xtensa/core/libarch__xtensa__core.a(debug_helpers_asm.S.obj)
                0x0000000040080850                z_xtensa_backtrace_get_start
 *fill*         0x000000004008086a        0x2 
 .iram1.5       0x000000004008086c       0x3e zephyr/drivers/interrupt_controller/libdrivers__interrupt_controller.a(intc_esp32.c.obj)
 *fill*         0x00000000400808aa        0x2 
 .iram1.8       0x00000000400808ac       0xc5 zephyr/drivers/interrupt_controller/libdrivers__interrupt_controller.a(intc_esp32.c.obj)
                0x00000000400808ac                esp_intr_disable
 *fill*         0x0000000040080971        0x3 
 .iram1.3       0x0000000040080974       0x8e zephyr/drivers/gpio/libdrivers__gpio.a(gpio_esp32.c.obj)
 *fill*         0x0000000040080a02        0x2 
 .iram1.4       0x0000000040080a04       0x11 zephyr/drivers/gpio/libdrivers__gpio.a(gpio_esp32.c.obj)
                                         0x17 (size before relaxing)
 *fill*         0x0000000040080a15        0x3 
 .iram1.24      0x0000000040080a18      0x184 zephyr/drivers/spi/libdrivers__spi.a(spi_esp32_spim.c.obj)
                                        0x198 (size before relaxing)
 .iram1.22      0x0000000040080b9c      0x1fd zephyr/drivers/spi/libdrivers__spi.a(spi_esp32_spim.c.obj)
                                        0x221 (size before relaxing)
 *fill*         0x0000000040080d99        0x3 
 .iram1.23      0x0000000040080d9c       0x23 zephyr/drivers/spi/libdrivers__spi.a(spi_esp32_spim.c.obj)
                                         0x2b (size before relaxing)
 *fill*         0x0000000040080dbf        0x0 
 *fill*         0x0000000040080dbf        0x0 
 *fill*         0x0000000040080dbf        0x0 
 *fill*         0x0000000040080dbf        0x0 
 *fill*         0x0000000040080dbf        0x0 
 *fill*         0x0000000040080dbf        0x0 
 *fill*         0x0000000040080dbf        0x0 
 *fill*         0x0000000040080dbf        0x0 
 *fill*         0x0000000040080dbf        0x0 
 *fill*         0x0000000040080dbf        0x0 
 *fill*         0x0000000040080dbf        0x0 
 *fill*         0x0000000040080dbf        0x0 
 *(SORT_BY_ALIGNMENT(.iram0.literal) SORT_BY_ALIGNMENT(.iram.literal) SORT_BY_ALIGNMENT(.iram.text.literal) SORT_BY_ALIGNMENT(.iram0.text) SORT_BY_ALIGNMENT(.iram.text))
 *fill*         0x0000000040080dbf        0x1 
 .iram0.text    0x0000000040080dc0       0x2d zephyr/arch/arch/xtensa/core/libarch__xtensa__core.a(xtensa-asm2-util.S.obj)
                0x0000000040080dc0                _Level1Vector
 *fill*         0x0000000040080ded        0x0 
 *libesp32.a:panic.*(SORT_BY_ALIGNMENT(.literal) SORT_BY_ALIGNMENT(.text) SORT_BY_ALIGNMENT(.literal.*) SORT_BY_ALIGNMENT(.text.*))
 *librtc.a:(SORT_BY_ALIGNMENT(.literal) SORT_BY_ALIGNMENT(.text) SORT_BY_ALIGNMENT(.literal.*) SORT_BY_ALIGNMENT(.text.*))
 *libarch__xtensa__core.a:(SORT_BY_ALIGNMENT(.literal) SORT_BY_ALIGNMENT(.text) SORT_BY_ALIGNMENT(.literal.*) SORT_BY_ALIGNMENT(.text.*))
 *fill*         0x0000000040080ded        0x3 
 .text.arch_cpu_idle
                0x0000000040080df0        0xb zephyr/arch/arch/xtensa/core/libarch__xtensa__core.a(cpu_idle.c.obj)
                                          0xe (size before relaxing)
                0x0000000040080df0                arch_cpu_idle
 *fill*         0x0000000040080dfb        0x1 
 .text.z_xtensa_exccause
                0x0000000040080dfc       0xab zephyr/arch/arch/xtensa/core/libarch__xtensa__core.a(fatal.c.obj)
                0x0000000040080dfc                z_xtensa_exccause
 *fill*         0x0000000040080ea7        0x1 
 .text.z_xtensa_fatal_error
                0x0000000040080ea8       0x32 zephyr/arch/arch/xtensa/core/libarch__xtensa__core.a(fatal.c.obj)
                                         0x42 (size before relaxing)
                0x0000000040080ea8                z_xtensa_fatal_error
 *fill*         0x0000000040080eda        0x2 
 .text          0x0000000040080edc      0x208 zephyr/arch/arch/xtensa/core/libarch__xtensa__core.a(xtensa-asm2-util.S.obj)
                0x0000000040080edc                xtensa_spill_reg_windows
                0x0000000040080efc                xtensa_save_high_regs
                0x0000000040080f44                xtensa_restore_high_regs
                0x0000000040080f79                _restore_context
                0x0000000040080fb0                xtensa_arch_except
                0x0000000040080fb3                xtensa_arch_except_epc
                0x0000000040080fb8                xtensa_switch
 .text._xtensa_handle_one_int1
                0x00000000400810e4       0xfc zephyr/arch/arch/xtensa/core/libarch__xtensa__core.a(xtensa-asm2.c.obj)
 .text._xtensa_handle_one_int3
                0x00000000400811e0       0x64 zephyr/arch/arch/xtensa/core/libarch__xtensa__core.a(xtensa-asm2.c.obj)
 .text._xtensa_handle_one_int5
                0x0000000040081244       0x37 zephyr/arch/arch/xtensa/core/libarch__xtensa__core.a(xtensa-asm2.c.obj)
 *fill*         0x000000004008127b        0x1 
 .text._xtensa_handle_one_int2
                0x000000004008127c       0x38 zephyr/arch/arch/xtensa/core/libarch__xtensa__core.a(xtensa-asm2.c.obj)
 .text._xtensa_handle_one_int4
                0x00000000400812b4       0x4c zephyr/arch/arch/xtensa/core/libarch__xtensa__core.a(xtensa-asm2.c.obj)
 .text.xtensa_int1_c
                0x0000000040081300       0x30 zephyr/arch/arch/xtensa/core/libarch__xtensa__core.a(xtensa-asm2.c.obj)
                                         0x38 (size before relaxing)
 .text.xtensa_init_stack
                0x0000000040081330       0x57 zephyr/arch/arch/xtensa/core/libarch__xtensa__core.a(xtensa-asm2.c.obj)
                                         0x5b (size before relaxing)
                0x0000000040081330                xtensa_init_stack
 *fill*         0x0000000040081387        0x1 
 .text.arch_new_thread
                0x0000000040081388       0x1a zephyr/arch/arch/xtensa/core/libarch__xtensa__core.a(xtensa-asm2.c.obj)
                0x0000000040081388                arch_new_thread
 *fill*         0x00000000400813a2        0x2 
 .text.z_irq_spurious
                0x00000000400813a4       0x1c zephyr/arch/arch/xtensa/core/libarch__xtensa__core.a(xtensa-asm2.c.obj)
                                         0x20 (size before relaxing)
                0x00000000400813a4                z_irq_spurious
 .text.z_xtensa_dump_stack
                0x00000000400813c0       0x98 zephyr/arch/arch/xtensa/core/libarch__xtensa__core.a(xtensa-asm2.c.obj)
                                         0xa8 (size before relaxing)
                0x00000000400813c0                z_xtensa_dump_stack
 .text.xtensa_int2_c
                0x0000000040081458       0x30 zephyr/arch/arch/xtensa/core/libarch__xtensa__core.a(xtensa-asm2.c.obj)
                                         0x38 (size before relaxing)
                0x0000000040081458                xtensa_int2_c
 .text.xtensa_int3_c
                0x0000000040081488       0x30 zephyr/arch/arch/xtensa/core/libarch__xtensa__core.a(xtensa-asm2.c.obj)
                                         0x38 (size before relaxing)
                0x0000000040081488                xtensa_int3_c
 .text.xtensa_int4_c
                0x00000000400814b8       0x30 zephyr/arch/arch/xtensa/core/libarch__xtensa__core.a(xtensa-asm2.c.obj)
                                         0x34 (size before relaxing)
                0x00000000400814b8                xtensa_int4_c
 .text.xtensa_int5_c
                0x00000000400814e8       0x30 zephyr/arch/arch/xtensa/core/libarch__xtensa__core.a(xtensa-asm2.c.obj)
                                         0x38 (size before relaxing)
                0x00000000400814e8                xtensa_int5_c
 .text.xtensa_int6_c
                0x0000000040081518       0x1a zephyr/arch/arch/xtensa/core/libarch__xtensa__core.a(xtensa-asm2.c.obj)
                                         0x1e (size before relaxing)
                0x0000000040081518                xtensa_int6_c
 *fill*         0x0000000040081532        0x2 
 .text.xtensa_int7_c
                0x0000000040081534       0x40 zephyr/arch/arch/xtensa/core/libarch__xtensa__core.a(xtensa-asm2.c.obj)
                0x0000000040081534                xtensa_int7_c
 .text.xtensa_excint1_c